<html>
<body>
<pre>
<h1>µVision Build Log</h1>
<h2>Tool Versions:</h2>
IDE-Version: µVision V5.18a
Copyright (C) 2016 ARM Ltd and ARM Germany GmbH. All rights reserved.
License Information: Olivier Tessier-Lariviere, Wibicom, LIC=----
 
Tool Versions:
Toolchain:       MDK-Lite  Version: 5.18a
Toolchain Path:  C:\Keil_v5\ARM\ARMCC\Bin
C Compiler:      Armcc.exe V5.06 update 1 (build 61)
Assembler:       Armasm.exe V5.06 update 1 (build 61)
Linker/Locator:  ArmLink.exe V5.06 update 1 (build 61)
Library Manager: ArmAr.exe V5.06 update 1 (build 61)
Hex Converter:   FromElf.exe V5.06 update 1 (build 61)
CPU DLL:         
Dialog DLL:      
Target DLL:      Segger\JL2CM3.dll V2.99.19.0
Dialog DLL:      TCM.DLL V1.14.8.0
 
<h2>Project:</h2>
C:\Users\Olivier\Desktop\Wibeacon - RECOVERY\Wibeacon.uvprojx
Project File Date:  08/12/2016

<h2>Output:</h2>
*** Using Compiler 'V5.06 update 1 (build 61)', folder: 'C:\Keil_v5\ARM\ARMCC\Bin'
Build target 'nrf52832'
compiling main.c...
flash.h(14): warning:  #1-D: last line of file ends without a newline
  void flash_word_write(uint32_t * address, uint32_t value);
main.c(80): warning:  #68-D: integer conversion resulted in a change of sign
  uint8_t advertising_mode = -1; // Will be in connectable mode when it is powered on for the first time
main.c(165): warning:  #1295-D: Deprecated declaration advertising_start - give arg types
  static void advertising_start();
main.c(169): warning:  #1295-D: Deprecated declaration update_advertising - give arg types
  static void update_advertising();
main.c(185): warning:  #177-D: variable "err_code" was declared but never referenced
      uint32_t err_code;
main.c(456): warning:  #550-D: variable "adv_uuids" was set but never used
      ble_uuid_t adv_uuids[] = {{ADS_UUID_SERVICE, m_ads.uuid_type},
main.c(665): warning:  #177-D: variable "err_code" was declared but never referenced
  	uint32_t err_code;
main.c(792): warning:  #513-D: a value of type "void (*)()" cannot be assigned to an entity of type "ble_ats_evt_handler_t"
      ats_init.evt_handler                 = on_temperature_send;
main.c(943): warning:  #550-D: variable "err_code" was set but never used
  	uint32_t err_code;
main.c(1076): warning:  #167-D: argument of type "void (*)()" is incompatible with parameter of type "nrf_drv_gpiote_evt_handler_t"
      err_code = nrf_drv_gpiote_in_init(
SP_BUTTON_0, &in_config, button_interrupt);
main.c(1117): warning:  #550-D: variable "err_code" was set but never used
  	uint32_t err_code;
main.c(1152): warning:  #550-D: variable "err_code" was set but never used
  	uint32_t err_code;
main.c(1186): warning:  #550-D: variable "err_code" was set but never used
  	uint32_t err_code;
main.c(1210): warning:  #177-D: variable "err_code" was declared but never referenced
  	uint32_t err_code;
main.c(102): warning:  #177-D: variable "pstorage_wait_flag" was declared but never referenced
  static uint8_t pstorage_wait_flag = 0;
main.c(103): warning:  #177-D: variable "pstorage_wait_handle" was declared but never referenced
  static pstorage_block_t pstorage_wait_handle = 0;
main.c(1114): warning:  #177-D: function "save_settings" was declared but never referenced
  static void save_settings()
main.c(505): warning:  #177-D: function "conn_params_init" was declared but never referenced
  static void conn_params_init(void)
main.c: 18 warnings, 0 errors
linking...
Program Size: Code=19200 RO-data=1176 RW-data=336 ZI-data=18088  
FromELF: creating hex file...
".\Objects\Wibeacon.axf" - 0 Error(s), 18 Warning(s).

<h2>Software Packages used:</h2>

Package Vendor: ARM
                http://www.keil.com/pack/ARM.CMSIS.4.5.0.pack
                ARM::CMSIS:CORE:4.3.0
                CMSIS (Cortex Microcontroller Software Interface Standard)
   * Component: CORE Version: 4.3.0
   * Component: DSP Version: 1.4.6

Package Vendor: NordicSemiconductor
                http://developer.nordicsemi.com/nRF5_SDK/pieces/nRF_DeviceFamilyPack/NordicSemiconductor.nRF_DeviceFamilyPack.8.6.0.pack
                NordicSemiconductor::Device:Startup:8.6.0
                Nordic Semiconductor nRF ARM devices Device Family Pack.
   * Component: Startup Version: 8.6.0

<h2>Collection of Component include folders:</h2>
  C:\Users\Olivier\Desktop\Wibeacon - RECOVERY\RTE
  C:\Keil_v5\ARM\PACK\ARM\CMSIS\4.5.0\CMSIS\Include
  C:\Keil_v5\ARM\PACK\NordicSemiconductor\nRF_DeviceFamilyPack\8.6.0\Device\Include

<h2>Collection of Component Files used:</h2>

   * Component: ARM::CMSIS:CORE:4.3.0

   * Component: ARM::CMSIS:DSP:1.4.6
      Library file:  CMSIS\Lib\ARM\arm_cortexM4lf_math.lib
      Include file:  CMSIS\Include\arm_math.h

   * Component: NordicSemiconductor::Device:Startup:8.6.0
      Source file:   Device\Source\arm\arm_startup_nrf52.s
      Source file:   Device\Source\system_nrf52.c
      Include file:  Device\Include\system_nrf52.h
Build Time Elapsed:  00:00:02
</pre>
</body>
</html>
