Component: ARM Compiler 5.06 update 1 (build 61) Tool: armlink [4d35a8]

==============================================================================

Section Cross References

    main.o(i.accelerometer_interrupt) refers to accelerometer.o(i.bma280_read_accel_xyz) for bma280_read_accel_xyz
    main.o(i.accelerometer_interrupt) refers to ble_ats.o(i.ble_ats_accelerometer_data_update) for ble_ats_accelerometer_data_update
    main.o(i.accelerometer_interrupt) refers to main.o(.bss) for .bss
    main.o(i.adv_interval_write_handler) refers to main.o(.data) for .data
    main.o(i.adv_mode_write_handler) refers to main.o(.data) for .data
    main.o(i.adv_payload_write_handler) refers to rt_memclr_w.o(.text) for __aeabi_memclr4
    main.o(i.adv_payload_write_handler) refers to main.o(.bss) for .bss
    main.o(i.adv_smart_power_write_handler) refers to app_timer.o(i.app_timer_stop) for app_timer_stop
    main.o(i.adv_smart_power_write_handler) refers to main.o(i.timers_start) for timers_start
    main.o(i.adv_smart_power_write_handler) refers to main.o(.data) for .data
    main.o(i.adv_smart_power_write_handler) refers to main.o(.constdata) for .constdata
    main.o(i.adv_tx_power_write_handler) refers to main.o(.data) for .data
    main.o(i.advertising_eddystone_init) refers to rt_memclr_w.o(.text) for __aeabi_memclr4
    main.o(i.advertising_eddystone_init) refers to ble_advdata.o(i.ble_advdata_set) for ble_advdata_set
    main.o(i.advertising_eddystone_init) refers to app_error.o(i.app_error_handler_bare) for app_error_handler_bare
    main.o(i.advertising_eddystone_init) refers to main.o(.constdata) for .constdata
    main.o(i.advertising_start) refers to app_error.o(i.app_error_handler_bare) for app_error_handler_bare
    main.o(i.advertising_start) refers to main.o(.bss) for .bss
    main.o(i.ble_evt_dispatch) refers to ble_ads.o(i.ble_ads_on_ble_evt) for ble_ads_on_ble_evt
    main.o(i.ble_evt_dispatch) refers to ble_bas.o(i.ble_bas_on_ble_evt) for ble_bas_on_ble_evt
    main.o(i.ble_evt_dispatch) refers to ble_ats.o(i.ble_ats_on_ble_evt) for ble_ats_on_ble_evt
    main.o(i.ble_evt_dispatch) refers to main.o(i.advertising_start) for advertising_start
    main.o(i.ble_evt_dispatch) refers to main.o(.bss) for .bss
    main.o(i.ble_evt_dispatch) refers to main.o(.data) for .data
    main.o(i.ble_stack_init) refers to softdevice_handler.o(i.softdevice_handler_init) for softdevice_handler_init
    main.o(i.ble_stack_init) refers to app_error.o(i.app_error_handler_bare) for app_error_handler_bare
    main.o(i.ble_stack_init) refers to softdevice_handler.o(i.softdevice_enable_get_default_config) for softdevice_enable_get_default_config
    main.o(i.ble_stack_init) refers to softdevice_handler.o(i.sd_check_ram_start) for sd_check_ram_start
    main.o(i.ble_stack_init) refers to softdevice_handler.o(i.softdevice_enable) for softdevice_enable
    main.o(i.ble_stack_init) refers to softdevice_handler.o(i.softdevice_ble_evt_handler_set) for softdevice_ble_evt_handler_set
    main.o(i.ble_stack_init) refers to softdevice_handler.o(i.softdevice_sys_evt_handler_set) for softdevice_sys_evt_handler_set
    main.o(i.ble_stack_init) refers to main.o(.constdata) for .constdata
    main.o(i.ble_stack_init) refers to main.o(.bss) for .bss
    main.o(i.ble_stack_init) refers to main.o(i.ble_evt_dispatch) for ble_evt_dispatch
    main.o(i.ble_stack_init) refers to main.o(i.sys_evt_dispatch) for sys_evt_dispatch
    main.o(i.button_interrupt) refers to app_error.o(i.app_error_handler_bare) for app_error_handler_bare
    main.o(i.button_interrupt) refers to main.o(i.advertising_start) for advertising_start
    main.o(i.button_interrupt) refers to main.o(.data) for .data
    main.o(i.gap_params_init) refers to app_error.o(i.app_error_handler_bare) for app_error_handler_bare
    main.o(i.load_settings) refers to pstorage.o(i.pstorage_load) for pstorage_load
    main.o(i.load_settings) refers to main.o(.data) for .data
    main.o(i.load_settings) refers to main.o(.bss) for .bss
    main.o(i.main) refers to nrf_drv_gpiote.o(i.nrf_drv_gpiote_init) for nrf_drv_gpiote_init
    main.o(i.main) refers to app_error.o(i.app_error_handler_bare) for app_error_handler_bare
    main.o(i.main) refers to nrf_drv_gpiote.o(i.nrf_drv_gpiote_in_init) for nrf_drv_gpiote_in_init
    main.o(i.main) refers to nrf_drv_gpiote.o(i.nrf_drv_gpiote_in_event_enable) for nrf_drv_gpiote_in_event_enable
    main.o(i.main) refers to accelerometer.o(i.bma280_init) for bma280_init
    main.o(i.main) refers to accelerometer.o(i.twi_reset) for twi_reset
    main.o(i.main) refers to main.o(i.ble_stack_init) for ble_stack_init
    main.o(i.main) refers to main.o(i.gap_params_init) for gap_params_init
    main.o(i.main) refers to pstorage.o(i.pstorage_init) for pstorage_init
    main.o(i.main) refers to pstorage.o(i.pstorage_register) for pstorage_register
    main.o(i.main) refers to pstorage.o(i.pstorage_block_identifier_get) for pstorage_block_identifier_get
[...]
    i.bma_i2c_write                          0x0001e37c   Section        0  accelerometer.o(i.bma_i2c_write)
    i.button_interrupt                       0x0001e3c8   Section        0  main.o(i.button_interrupt)
    i.channel_free                           0x0001e3ec   Section        0  nrf_drv_gpiote.o(i.channel_free)
    channel_free                             0x0001e3ed   Thumb Code    22  nrf_drv_gpiote.o(i.channel_free)
    i.channel_port_alloc                     0x0001e408   Section        0  nrf_drv_gpiote.o(i.channel_port_alloc)
    channel_port_alloc                       0x0001e409   Thumb Code    66  nrf_drv_gpiote.o(i.channel_port_alloc)
    i.channel_port_get                       0x0001e450   Section        0  nrf_drv_gpiote.o(i.channel_port_get)
    channel_port_get                         0x0001e451   Thumb Code    10  nrf_drv_gpiote.o(i.channel_port_get)
    i.char_add                               0x0001e460   Section        0  ble_dis.o(i.char_add)
    char_add                                 0x0001e461   Thumb Code   156  ble_dis.o(i.char_add)
    i.cmd_queue_element_init                 0x0001e500   Section        0  pstorage.o(i.cmd_queue_element_init)
    cmd_queue_element_init                   0x0001e501   Thumb Code    28  pstorage.o(i.cmd_queue_element_init)
    i.compare_reg_update                     0x0001e520   Section        0  app_timer.o(i.compare_reg_update)
    compare_reg_update                       0x0001e521   Thumb Code   160  app_timer.o(i.compare_reg_update)
    i.conn_int_encode                        0x0001e5cc   Section        0  ble_advdata.o(i.conn_int_encode)
    conn_int_encode                          0x0001e5cd   Thumb Code   136  ble_advdata.o(i.conn_int_encode)
    i.elapsed_ticks_acquire                  0x0001e654   Section        0  app_timer.o(i.elapsed_ticks_acquire)
    elapsed_ticks_acquire                    0x0001e655   Thumb Code    58  app_timer.o(i.elapsed_ticks_acquire)
    i.gap_params_init                        0x0001e694   Section        0  main.o(i.gap_params_init)
    gap_params_init                          0x0001e695   Thumb Code    98  main.o(i.gap_params_init)
    i.intern_softdevice_events_execute       0x0001e700   Section        0  softdevice_handler.o(i.intern_softdevice_events_execute)
    i.irq_handler                            0x0001e770   Section        0  nrf_drv_timer.o(i.irq_handler)
    irq_handler                              0x0001e771   Thumb Code    62  nrf_drv_timer.o(i.irq_handler)
    i.irq_handler_twi                        0x0001e7ae   Section        0  nrf_drv_twi.o(i.irq_handler_twi)
    irq_handler_twi                          0x0001e7af   Thumb Code   182  nrf_drv_twi.o(i.irq_handler_twi)
    i.is_extension_byte                      0x0001e864   Section        0  main.o(i.is_extension_byte)
    i.is_word_aligned                        0x0001e8a2   Section        0  pstorage.o(i.is_word_aligned)
    is_word_aligned                          0x0001e8a3   Thumb Code    12  pstorage.o(i.is_word_aligned)
    i.le_role_encode                         0x0001e8ae   Section        0  ble_advdata.o(i.le_role_encode)
    le_role_encode                           0x0001e8af   Thumb Code    84  ble_advdata.o(i.le_role_encode)
    i.list_deletions_handler                 0x0001e904   Section        0  app_timer.o(i.list_deletions_handler)
    list_deletions_handler                   0x0001e905   Thumb Code   178  app_timer.o(i.list_deletions_handler)
    i.list_insertions_handler                0x0001e9c0   Section        0  app_timer.o(i.list_insertions_handler)
    list_insertions_handler                  0x0001e9c1   Thumb Code   196  app_timer.o(i.list_insertions_handler)
    i.load_settings                          0x0001ea8c   Section        0  main.o(i.load_settings)
    load_settings                            0x0001ea8d   Thumb Code   114  main.o(i.load_settings)
    i.main                                   0x0001eb08   Section        0  main.o(i.main)
    i.manuf_specific_data_encode             0x0001ebbc   Section        0  ble_advdata.o(i.manuf_specific_data_encode)
    manuf_specific_data_encode               0x0001ebbd   Thumb Code   100  ble_advdata.o(i.manuf_specific_data_encode)
    i.name_encode                            0x0001ec20   Section        0  ble_advdata.o(i.name_encode)
    name_encode                              0x0001ec21   Thumb Code   156  ble_advdata.o(i.name_encode)
    i.non_connectable_adv_init               0x0001ecbc   Section        0  main.o(i.non_connectable_adv_init)
    non_connectable_adv_init                 0x0001ecbd   Thumb Code    38  main.o(i.non_connectable_adv_init)
    i.nrf_delay_ms                           0x0001ecec   Section        0  nrf_delay.o(i.nrf_delay_ms)
    i.nrf_drv_common_irq_enable              0x0001ed06   Section        0  nrf_drv_common.o(i.nrf_drv_common_irq_enable)
    i.nrf_drv_gpiote_in_event_enable         0x0001ed40   Section        0  nrf_drv_gpiote.o(i.nrf_drv_gpiote_in_event_enable)
    i.nrf_drv_gpiote_in_init                 0x0001ede4   Section        0  nrf_drv_gpiote.o(i.nrf_drv_gpiote_in_init)
    i.nrf_drv_gpiote_init                    0x0001ee9c   Section        0  nrf_drv_gpiote.o(i.nrf_drv_gpiote_init)
    i.nrf_drv_saadc_buffer_convert           0x0001eef0   Section        0  nrf_drv_saadc.o(i.nrf_drv_saadc_buffer_convert)
    i.nrf_drv_saadc_channel_init             0x0001ef84   Section        0  nrf_drv_saadc.o(i.nrf_drv_saadc_channel_init)
    i.nrf_drv_saadc_channel_uninit           0x0001efcc   Section        0  nrf_drv_saadc.o(i.nrf_drv_saadc_channel_uninit)
    i.nrf_drv_saadc_init                     0x0001f014   Section        0  nrf_drv_saadc.o(i.nrf_drv_saadc_init)
    i.nrf_drv_saadc_limits_set               0x0001f088   Section        0  nrf_drv_saadc.o(i.nrf_drv_saadc_limits_set)
    i.nrf_drv_saadc_sample                   0x0001f108   Section        0  nrf_drv_saadc.o(i.nrf_drv_saadc_sample)
    i.nrf_drv_saadc_uninit                   0x0001f128   Section        0  nrf_drv_saadc.o(i.nrf_drv_saadc_uninit)
    i.nrf_drv_twi_enable                     0x0001f19c   Section        0  nrf_drv_twi.o(i.nrf_drv_twi_enable)
    i.nrf_drv_twi_init                       0x0001f1bc   Section        0  nrf_drv_twi.o(i.nrf_drv_twi_init)
    i.nrf_drv_twi_rx                         0x0001f24c   Section        0  nrf_drv_twi.o(i.nrf_drv_twi_rx)
    i.nrf_drv_twi_tx                         0x0001f270   Section        0  nrf_drv_twi.o(i.nrf_drv_twi_tx)
    i.nrf_drv_twi_xfer                       0x0001f294   Section        0  nrf_drv_twi.o(i.nrf_drv_twi_xfer)
    i.nrf_gpio_cfg                           0x0001f2c0   Section        0  nrf_drv_gpiote.o(i.nrf_gpio_cfg)
    nrf_gpio_cfg                             0x0001f2c1   Thumb Code    34  nrf_drv_gpiote.o(i.nrf_gpio_cfg)
    i.nrf_gpio_cfg_sense_set                 0x0001f2e2   Section        0  nrf_drv_gpiote.o(i.nrf_gpio_cfg_sense_set)
    nrf_gpio_cfg_sense_set                   0x0001f2e3   Thumb Code    28  nrf_drv_gpiote.o(i.nrf_gpio_cfg_sense_set)
    i.nrf_gpio_pin_set                       0x0001f300   Section        0  nrf_drv_twi.o(i.nrf_gpio_pin_set)
    nrf_gpio_pin_set                         0x0001f301   Thumb Code    10  nrf_drv_twi.o(i.nrf_gpio_pin_set)
    i.nrf_gpiote_event_clear                 0x0001f310   Section        0  nrf_drv_gpiote.o(i.nrf_gpiote_event_clear)
    nrf_gpiote_event_clear                   0x0001f311   Thumb Code    16  nrf_drv_gpiote.o(i.nrf_gpiote_event_clear)
    i.nrf_gpiote_event_is_set                0x0001f324   Section        0  nrf_drv_gpiote.o(i.nrf_gpiote_event_is_set)
    nrf_gpiote_event_is_set                  0x0001f325   Thumb Code    12  nrf_drv_gpiote.o(i.nrf_gpiote_event_is_set)
    i.nrf_saadc_channel_init                 0x0001f334   Section        0  nrf_saadc.o(i.nrf_saadc_channel_init)
    i.nrf_saadc_channel_input_set            0x0001f394   Section        0  nrf_drv_saadc.o(i.nrf_saadc_channel_input_set)
    nrf_saadc_channel_input_set              0x0001f395   Thumb Code    16  nrf_drv_saadc.o(i.nrf_saadc_channel_input_set)
    i.nrf_saadc_event_check                  0x0001f3a8   Section        0  nrf_drv_saadc.o(i.nrf_saadc_event_check)
    nrf_saadc_event_check                    0x0001f3a9   Thumb Code    12  nrf_drv_saadc.o(i.nrf_saadc_event_check)
    i.nrf_saadc_limit_int_get                0x0001f3b8   Section        0  nrf_drv_saadc.o(i.nrf_saadc_limit_int_get)
    nrf_saadc_limit_int_get                  0x0001f3b9   Thumb Code    16  nrf_drv_saadc.o(i.nrf_saadc_limit_int_get)
    i.nrf_twi_event_check                    0x0001f3c8   Section        0  nrf_drv_twi.o(i.nrf_twi_event_check)
    nrf_twi_event_check                      0x0001f3c9   Thumb Code    10  nrf_drv_twi.o(i.nrf_twi_event_check)
    i.nrf_uart_event_check                   0x0001f3d2   Section        0  nrf_drv_uart.o(i.nrf_uart_event_check)
    nrf_uart_event_check                     0x0001f3d3   Thumb Code    10  nrf_drv_uart.o(i.nrf_uart_event_check)
    i.nrf_uart_int_enable_check              0x0001f3dc   Section        0  nrf_drv_uart.o(i.nrf_uart_int_enable_check)
    nrf_uart_int_enable_check                0x0001f3dd   Thumb Code    12  nrf_drv_uart.o(i.nrf_uart_int_enable_check)
    i.nrf_uarte_event_check                  0x0001f3e8   Section        0  nrf_drv_uart.o(i.nrf_uarte_event_check)
    nrf_uarte_event_check                    0x0001f3e9   Thumb Code    10  nrf_drv_uart.o(i.nrf_uarte_event_check)
    i.on_temperature_send                    0x0001f3f2   Section        0  main.o(i.on_temperature_send)
    i.pin_in_use_by_port                     0x0001f3f4   Section        0  nrf_drv_gpiote.o(i.pin_in_use_by_port)
    pin_in_use_by_port                       0x0001f3f5   Thumb Code    20  nrf_drv_gpiote.o(i.pin_in_use_by_port)
    i.pin_in_use_by_te                       0x0001f40c   Section        0  nrf_drv_gpiote.o(i.pin_in_use_by_te)
    pin_in_use_by_te                         0x0001f40d   Thumb Code    20  nrf_drv_gpiote.o(i.pin_in_use_by_te)
    i.pnp_id_encode                          0x0001f424   Section        0  ble_dis.o(i.pnp_id_encode)
    pnp_id_encode                            0x0001f425   Thumb Code    52  ble_dis.o(i.pnp_id_encode)
    i.pstorage_block_identifier_get          0x0001f458   Section        0  pstorage.o(i.pstorage_block_identifier_get)
    i.pstorage_flash_page_end                0x0001f4ac   Section        0  pstorage.o(i.pstorage_flash_page_end)
    pstorage_flash_page_end                  0x0001f4ad   Thumb Code    30  pstorage.o(i.pstorage_flash_page_end)
    i.pstorage_flash_page_size               0x0001f4ca   Section        0  pstorage.o(i.pstorage_flash_page_size)
    pstorage_flash_page_size                 0x0001f4cb   Thumb Code    10  pstorage.o(i.pstorage_flash_page_size)
    i.pstorage_init                          0x0001f4d4   Section        0  pstorage.o(i.pstorage_init)
    i.pstorage_load                          0x0001f534   Section        0  pstorage.o(i.pstorage_load)
    i.pstorage_register                      0x0001f5dc   Section        0  pstorage.o(i.pstorage_register)
    i.rtc1_stop                              0x0001f690   Section        0  app_timer.o(i.rtc1_stop)
    rtc1_stop                                0x0001f691   Thumb Code    52  app_timer.o(i.rtc1_stop)
    i.rx_byte                                0x0001f6cc   Section        0  nrf_drv_uart.o(i.rx_byte)
    rx_byte                                  0x0001f6cd   Thumb Code    38  nrf_drv_uart.o(i.rx_byte)
    i.rx_done_event                          0x0001f6fc   Section        0  nrf_drv_uart.o(i.rx_done_event)
    rx_done_event                            0x0001f6fd   Thumb Code    26  nrf_drv_uart.o(i.rx_done_event)
    i.saadc_callback                         0x0001f71c   Section        0  saadc.o(i.saadc_callback)
    i.saadc_get_data_ch_0                    0x0001f778   Section        0  saadc.o(i.saadc_get_data_ch_0)
    i.saadc_get_data_ch_1                    0x0001f784   Section        0  saadc.o(i.saadc_get_data_ch_1)
    i.saadc_init                             0x0001f790   Section        0  saadc.o(i.saadc_init)
    i.saadc_reset_data                       0x0001f820   Section        0  saadc.o(i.saadc_reset_data)
    i.sd_check_ram_start                     0x0001f830   Section        0  softdevice_handler.o(i.sd_check_ram_start)
    i.sd_nvic_EnableIRQ                      0x0001f840   Section        0  softdevice_handler.o(i.sd_nvic_EnableIRQ)
    sd_nvic_EnableIRQ                        0x0001f841   Thumb Code   128  softdevice_handler.o(i.sd_nvic_EnableIRQ)
    i.sensor_timer_handler                   0x0001f8c8   Section        0  main.o(i.sensor_timer_handler)
    i.service_data_encode                    0x0001f9b0   Section        0  ble_advdata.o(i.service_data_encode)
    service_data_encode                      0x0001f9b1   Thumb Code   136  ble_advdata.o(i.service_data_encode)
    i.services_init                          0x0001fa38   Section        0  main.o(i.services_init)
    services_init                            0x0001fa39   Thumb Code   358  main.o(i.services_init)
    i.softdevice_ble_evt_handler_set         0x0001fbd4   Section        0  softdevice_handler.o(i.softdevice_ble_evt_handler_set)
    i.softdevice_enable                      0x0001fbe8   Section        0  softdevice_handler.o(i.softdevice_enable)
    i.softdevice_enable_get_default_config   0x0001fbfc   Section        0  softdevice_handler.o(i.softdevice_enable_get_default_config)
    i.softdevice_fault_handler               0x0001fc22   Section        0  softdevice_handler.o(i.softdevice_fault_handler)
    i.softdevice_handler_init                0x0001fc28   Section        0  softdevice_handler.o(i.softdevice_handler_init)
    i.softdevice_sys_evt_handler_set         0x0001fc5c   Section        0  softdevice_handler.o(i.softdevice_sys_evt_handler_set)
    i.start_sampling                         0x0001fc70   Section        0  saadc.o(i.start_sampling)
    i.storage_cb_handler                     0x0001fc84   Section        0  main.o(i.storage_cb_handler)
    storage_cb_handler                       0x0001fc85   Thumb Code     2  main.o(i.storage_cb_handler)
    i.sys_evt_dispatch                       0x0001fc86   Section        0  main.o(i.sys_evt_dispatch)
    sys_evt_dispatch                         0x0001fc87   Thumb Code     2  main.o(i.sys_evt_dispatch)
    i.sys_id_encode                          0x0001fc88   Section        0  ble_dis.o(i.sys_id_encode)
    sys_id_encode                            0x0001fc89   Thumb Code    66  ble_dis.o(i.sys_id_encode)
    i.timer_list_handler                     0x0001fccc   Section        0  app_timer.o(i.timer_list_handler)
    timer_list_handler                       0x0001fccd   Thumb Code   134  app_timer.o(i.timer_list_handler)
    i.timer_list_insert                      0x0001fd58   Section        0  app_timer.o(i.timer_list_insert)
    timer_list_insert                        0x0001fd59   Thumb Code    56  app_timer.o(i.timer_list_insert)
    i.timer_timeouts_check                   0x0001fd94   Section        0  app_timer.o(i.timer_timeouts_check)
    timer_timeouts_check                     0x0001fd95   Thumb Code   124  app_timer.o(i.timer_timeouts_check)
    i.timers_init                            0x0001fe18   Section        0  main.o(i.timers_init)
    i.timers_start                           0x0001fe48   Section        0  main.o(i.timers_start)
    i.twi_clear_bus                          0x0001fe6c   Section        0  nrf_drv_twi.o(i.twi_clear_bus)
    twi_clear_bus                            0x0001fe6d   Thumb Code   170  nrf_drv_twi.o(i.twi_clear_bus)
    i.twi_handler                            0x0001ff1c   Section        0  accelerometer.o(i.twi_handler)
    i.twi_init                               0x0001ff38   Section        0  accelerometer.o(i.twi_init)
    i.twi_reset                              0x0001ff68   Section        0  accelerometer.o(i.twi_reset)
    i.twi_rx_start_transfer                  0x0001ff7c   Section        0  nrf_drv_twi.o(i.twi_rx_start_transfer)
    twi_rx_start_transfer                    0x0001ff7d   Thumb Code   124  nrf_drv_twi.o(i.twi_rx_start_transfer)
    i.twi_send_byte                          0x0001fff8   Section        0  nrf_drv_twi.o(i.twi_send_byte)
    twi_send_byte                            0x0001fff9   Thumb Code    40  nrf_drv_twi.o(i.twi_send_byte)
    i.twi_transfer                           0x00020020   Section        0  nrf_drv_twi.o(i.twi_transfer)
    twi_transfer                             0x00020021   Thumb Code   242  nrf_drv_twi.o(i.twi_transfer)
    i.twi_tx_start_transfer                  0x00020112   Section        0  nrf_drv_twi.o(i.twi_tx_start_transfer)
    twi_tx_start_transfer                    0x00020113   Thumb Code   124  nrf_drv_twi.o(i.twi_tx_start_transfer)
    i.twi_xfer                               0x0002018e   Section        0  nrf_drv_twi.o(i.twi_xfer)
    twi_xfer                                 0x0002018f   Thumb Code   140  nrf_drv_twi.o(i.twi_xfer)
    i.tx_byte                                0x0002021c   Section        0  nrf_drv_uart.o(i.tx_byte)
    tx_byte                                  0x0002021d   Thumb Code    28  nrf_drv_uart.o(i.tx_byte)
    i.tx_done_event                          0x00020240   Section        0  nrf_drv_uart.o(i.tx_done_event)
    tx_done_event                            0x00020241   Thumb Code    30  nrf_drv_uart.o(i.tx_done_event)
    i.uart_irq_handler                       0x00020264   Section        0  nrf_drv_uart.o(i.uart_irq_handler)
    uart_irq_handler                         0x00020265   Thumb Code   254  nrf_drv_uart.o(i.uart_irq_handler)
    i.uarte_irq_handler                      0x0002036c   Section        0  nrf_drv_uart.o(i.uarte_irq_handler)
    uarte_irq_handler                        0x0002036d   Thumb Code   206  nrf_drv_uart.o(i.uarte_irq_handler)
    i.uint16_encode                          0x00020444   Section        0  ble_advdata.o(i.uint16_encode)
    uint16_encode                            0x00020445   Thumb Code    10  ble_advdata.o(i.uint16_encode)
    i.update_advertising                     0x00020450   Section        0  main.o(i.update_advertising)
    update_advertising                       0x00020451   Thumb Code   280  main.o(i.update_advertising)
    i.user_id_get                            0x00020570   Section        0  app_timer.o(i.user_id_get)
    user_id_get                              0x00020571   Thumb Code    62  app_timer.o(i.user_id_get)
    i.user_op_alloc                          0x000205ae   Section        0  app_timer.o(i.user_op_alloc)
    user_op_alloc                            0x000205af   Thumb Code    40  app_timer.o(i.user_op_alloc)
    i.uuid_list_encode                       0x000205d6   Section        0  ble_advdata.o(i.uuid_list_encode)
    uuid_list_encode                         0x000205d7   Thumb Code    48  ble_advdata.o(i.uuid_list_encode)
    i.uuid_list_sized_encode                 0x00020606   Section        0  ble_advdata.o(i.uuid_list_sized_encode)
    uuid_list_sized_encode                   0x00020607   Thumb Code   158  ble_advdata.o(i.uuid_list_sized_encode)
    x$fpl$dadd                               0x000206a4   Section      336  daddsub_clz.o(x$fpl$dadd)
    $v0                                      0x000206a4   Number         0  daddsub_clz.o(x$fpl$dadd)
    _dadd1                                   0x000206b5   Thumb Code     0  daddsub_clz.o(x$fpl$dadd)
    x$fpl$ddiv                               0x000207f4   Section      688  ddiv.o(x$fpl$ddiv)
    $v0                                      0x000207f4   Number         0  ddiv.o(x$fpl$ddiv)
    ddiv_entry                               0x000207fb   Thumb Code     0  ddiv.o(x$fpl$ddiv)
    x$fpl$dfixu                              0x00020aa4   Section       90  dfixu.o(x$fpl$dfixu)
    $v0                                      0x00020aa4   Number         0  dfixu.o(x$fpl$dfixu)
    x$fpl$dfltu                              0x00020afe   Section       38  dflt_clz.o(x$fpl$dfltu)
    $v0                                      0x00020afe   Number         0  dflt_clz.o(x$fpl$dfltu)
    x$fpl$dmul                               0x00020b24   Section      340  dmul.o(x$fpl$dmul)
    $v0                                      0x00020b24   Number         0  dmul.o(x$fpl$dmul)
    x$fpl$dnaninf                            0x00020c78   Section      156  dnaninf.o(x$fpl$dnaninf)
    $v0                                      0x00020c78   Number         0  dnaninf.o(x$fpl$dnaninf)
    x$fpl$dretinf                            0x00020d14   Section       12  dretinf.o(x$fpl$dretinf)
    $v0                                      0x00020d14   Number         0  dretinf.o(x$fpl$dretinf)
    x$fpl$dsub                               0x00020d20   Section      468  daddsub_clz.o(x$fpl$dsub)
    $v0                                      0x00020d20   Number         0  daddsub_clz.o(x$fpl$dsub)
    _dsub1                                   0x00020d31   Thumb Code     0  daddsub_clz.o(x$fpl$dsub)
    x$fpl$fpinit                             0x00020ef4   Section       10  fpinit.o(x$fpl$fpinit)
    $v0                                      0x00020ef4   Number         0  fpinit.o(x$fpl$fpinit)
    x$fpl$usenofp                            0x00020efe   Section        0  usenofp.o(x$fpl$usenofp)
    .constdata                               0x00020f00   Section       32  main.o(.constdata)
    timer_id                                 0x00020f00   Data           4  main.o(.constdata)
    .constdata                               0x00020f20   Section       24  accelerometer.o(.constdata)
    m_twi_drv                                0x00020f20   Data           8  accelerometer.o(.constdata)
    .constdata                               0x00020f38   Section       16  ble_ads.o(.constdata)
    .constdata                               0x00020f48   Section       16  ble_ats.o(.constdata)
    .constdata                               0x00020f58   Section       28  nrf_drv_twi.o(.constdata)
    m_default_config                         0x00020f58   Data          16  nrf_drv_twi.o(.constdata)
    .constdata                               0x00020f74   Section        3  nrf_drv_saadc.o(.constdata)
    m_default_config                         0x00020f74   Data           3  nrf_drv_saadc.o(.constdata)
    .data                                    0x20002080   Section      134  main.o(.data)
    m_conn_handle                            0x20002088   Data           2  main.o(.data)
    iBeacon_info                             0x200020a8   Data          23  main.o(.data)
    eddystone_uid_data                       0x200020bf   Data          20  main.o(.data)
    eddystone_tlm_data                       0x200020d3   Data          14  main.o(.data)
    eddystone_url_data                       0x200020e1   Data          20  main.o(.data)
    m_adv_uuids                              0x200020f6   Data          16  main.o(.data)
    .data                                    0x20002106   Section       26  saadc.o(.data)
    m_adc_channel_enabled                    0x20002106   Data           1  saadc.o(.data)
    data_ch_0                                0x20002108   Data           2  saadc.o(.data)
    data_ch_1                                0x2000210a   Data           2  saadc.o(.data)
    m_buffer_pool                            0x2000210c   Data           4  saadc.o(.data)
    channel_0_config                         0x20002110   Data           8  saadc.o(.data)
    channel_1_config                         0x20002118   Data           8  saadc.o(.data)
    .data                                    0x20002120   Section        2  accelerometer.o(.data)
    m_xfer_done                              0x20002120   Data           1  accelerometer.o(.data)
    m_set_mode_done                          0x20002121   Data           1  accelerometer.o(.data)
    .data                                    0x20002122   Section       74  ble_dis.o(.data)
    service_handle                           0x20002122   Data           2  ble_dis.o(.data)
    manufact_name_handles                    0x20002124   Data           8  ble_dis.o(.data)
    model_num_handles                        0x2000212c   Data           8  ble_dis.o(.data)
    serial_num_handles                       0x20002134   Data           8  ble_dis.o(.data)
    hw_rev_handles                           0x2000213c   Data           8  ble_dis.o(.data)
    fw_rev_handles                           0x20002144   Data           8  ble_dis.o(.data)
    sw_rev_handles                           0x2000214c   Data           8  ble_dis.o(.data)
    sys_id_handles                           0x20002154   Data           8  ble_dis.o(.data)
    reg_cert_data_list_handles               0x2000215c   Data           8  ble_dis.o(.data)
    pnp_id_handles                           0x20002164   Data           8  ble_dis.o(.data)
    .data                                    0x2000216c   Section       32  app_timer.o(.data)
    m_user_array_size                        0x2000216c   Data           1  app_timer.o(.data)
    m_ticks_elapsed_q_read_ind               0x2000216d   Data           1  app_timer.o(.data)
    m_ticks_elapsed_q_write_ind              0x2000216e   Data           1  app_timer.o(.data)
    m_rtc1_running                           0x2000216f   Data           1  app_timer.o(.data)
    m_rtc1_reset                             0x20002170   Data           1  app_timer.o(.data)
    mp_users                                 0x20002174   Data           4  app_timer.o(.data)
    mp_timer_id_head                         0x20002178   Data           4  app_timer.o(.data)
    m_ticks_latest                           0x2000217c   Data           4  app_timer.o(.data)
    m_evt_schedule_func                      0x20002180   Data           4  app_timer.o(.data)
    m_ticks_elapsed                          0x20002184   Data           8  app_timer.o(.data)
    .data                                    0x2000218c   Section       20  softdevice_handler.o(.data)
    m_softdevice_enabled                     0x2000218c   Data           1  softdevice_handler.o(.data)
    m_ble_evt_buffer_size                    0x2000218e   Data           2  softdevice_handler.o(.data)
    m_evt_schedule_func                      0x20002190   Data           4  softdevice_handler.o(.data)
    mp_ble_evt_buffer                        0x20002194   Data           4  softdevice_handler.o(.data)
    m_ble_evt_handler                        0x20002198   Data           4  softdevice_handler.o(.data)
    m_sys_evt_handler                        0x2000219c   Data           4  softdevice_handler.o(.data)
    .data                                    0x200021a0   Section       36  pstorage.o(.data)
    m_state                                  0x200021a0   Data           1  pstorage.o(.data)
    m_swap_sub_state                         0x200021a1   Data           1  pstorage.o(.data)
    m_next_app_instance                      0x200021a2   Data           2  pstorage.o(.data)
    m_flags                                  0x200021a4   Data           4  pstorage.o(.data)
    m_next_page_addr                         0x200021a8   Data           4  pstorage.o(.data)
    m_head_word_size                         0x200021ac   Data           4  pstorage.o(.data)
    m_tail_word_size                         0x200021b0   Data           4  pstorage.o(.data)
    m_current_page_id                        0x200021b4   Data           4  pstorage.o(.data)
    m_num_of_command_retries                 0x200021b8   Data           4  pstorage.o(.data)
    m_num_of_bytes_written                   0x200021bc   Data           4  pstorage.o(.data)
    m_app_data_size                          0x200021c0   Data           4  pstorage.o(.data)
    .data                                    0x200021c4   Section        8  bma2x2.o(.data)
    p_bma2x2                                 0x200021c8   Data           4  bma2x2.o(.data)
    .data                                    0x200021cc   Section        4  system_nrf52.o(.data)
    __tagsym$$used                           0x200021cc   Number         0  system_nrf52.o(.data)
    .bss                                     0x200021d0   Section       32  main.o(.bss)
    timer_id_data                            0x200021d0   Data          32  main.o(.bss)
    .bss                                     0x200021f0   Section      680  main.o(.bss)
    BLE_EVT_BUFFER                           0x200021f0   Data          72  main.o(.bss)
    APP_TIMER_BUF                            0x20002238   Data         384  main.o(.bss)
    m_bas                                    0x200023e8   Data          24  main.o(.bss)
    m_ats                                    0x20002400   Data          36  main.o(.bss)
    m_ads                                    0x20002424   Data          68  main.o(.bss)
    beacon_payload                           0x20002468   Data          23  main.o(.bss)
    m_adv_params                             0x20002480   Data          24  main.o(.bss)
    .bss                                     0x20002498   Section       24  accelerometer.o(.bss)
    .bss                                     0x200024b0   Section       12  softdevice_handler.o(.bss)
    .bss                                     0x200024bc   Section       32  nrf_drv_uart.o(.bss)
    m_cb                                     0x200024bc   Data          32  nrf_drv_uart.o(.bss)
    .bss                                     0x200024dc   Section       88  nrf_drv_gpiote.o(.bss)
    m_cb                                     0x200024dc   Data          88  nrf_drv_gpiote.o(.bss)
    .bss                                     0x20002534   Section       40  nrf_drv_twi.o(.bss)
    m_cb                                     0x20002534   Data          40  nrf_drv_twi.o(.bss)
    .bss                                     0x2000255c   Section       44  nrf_drv_saadc.o(.bss)
    m_cb                                     0x2000255c   Data          44  nrf_drv_saadc.o(.bss)
    .bss                                     0x20002588   Section       24  nrf_drv_timer.o(.bss)
    m_cb                                     0x20002588   Data          24  nrf_drv_timer.o(.bss)
    .bss                                     0x200025a0   Section      628  pstorage.o(.bss)
    m_cmd_queue                              0x200025a0   Data         604  pstorage.o(.bss)
    m_app_table                              0x200027fc   Data          24  pstorage.o(.bss)
    .bss                                     0x20002814   Section       96  libspace.o(.bss)
    HEAP                                     0x20002878   Section     8192  arm_startup_nrf52.o(HEAP)
    Heap_Mem                                 0x20002878   Data        8192  arm_startup_nrf52.o(HEAP)
    STACK                                    0x20004878   Section     8192  arm_startup_nrf52.o(STACK)
    Stack_Mem                                0x20004878   Data        8192  arm_startup_nrf52.o(STACK)
    __initial_sp                             0x20006878   Data           0  arm_startup_nrf52.o(STACK)

    Global Symbols

    Symbol Name                              Value     Ov Type        Size  Object(Section)

    BuildAttributes$$THM_ISAv4$E$P$D$K$B$S$7EM$VFPi3$EXTD16$VFPS$VFMA$PE$A:L22UL41UL21$X:L11$S22US41US21$IEEE1$IW$USESV6$~STKCKD$USESV7$~SHL$OSPACE$ROPI$EBA8$UX$STANDARDLIB$REQ8$PRES8$EABIv2 0x00000000   Number         0  anon$$obj.o ABSOLUTE
    __ARM_use_no_argv                        0x00000000   Number         0  main.o ABSOLUTE
    __ARM_exceptions_init                     - Undefined Weak Reference
    __alloca_initialize                       - Undefined Weak Reference
    __arm_preinit_                            - Undefined Weak Reference
    __cpp_initialize__aeabi_                  - Undefined Weak Reference
    __cxa_finalize                            - Undefined Weak Reference
    __rt_locale                               - Undefined Weak Reference
    __sigvec_lookup                           - Undefined Weak Reference
    _atexit_init                              - Undefined Weak Reference
    _call_atexit_fns                          - Undefined Weak Reference
    _clock_init                               - Undefined Weak Reference
    _fp_trap_init                             - Undefined Weak Reference
    _fp_trap_shutdown                         - Undefined Weak Reference
    _get_lc_collate                           - Undefined Weak Reference
    _get_lc_ctype                             - Undefined Weak Reference
    _get_lc_monetary                          - Undefined Weak Reference
    _get_lc_numeric                           - Undefined Weak Reference
    _get_lc_time                              - Undefined Weak Reference
    _getenv_init                              - Undefined Weak Reference
    _handle_redirection                       - Undefined Weak Reference
    _init_alloc                               - Undefined Weak Reference
    _init_user_alloc                          - Undefined Weak Reference
    _initio                                   - Undefined Weak Reference
    _rand_init                                - Undefined Weak Reference
    _signal_finish                            - Undefined Weak Reference
    _signal_init                              - Undefined Weak Reference
    _terminate_alloc                          - Undefined Weak Reference
    _terminate_user_alloc                     - Undefined Weak Reference
    _terminateio                              - Undefined Weak Reference
    __Vectors_Size                           0x00000400   Number         0  arm_startup_nrf52.o ABSOLUTE
    __Vectors                                0x0001c000   Data           4  arm_startup_nrf52.o(RESET)
    __Vectors_End                            0x0001c400   Data           0  arm_startup_nrf52.o(RESET)
    __main                                   0x0001c401   Thumb Code     8  __main.o(!!!main)
    __scatterload                            0x0001c409   Thumb Code     0  __scatter.o(!!!scatter)
    __scatterload_rt2                        0x0001c409   Thumb Code    44  __scatter.o(!!!scatter)
    __scatterload_rt2_thumb_only             0x0001c409   Thumb Code     0  __scatter.o(!!!scatter)
    __scatterload_null                       0x0001c417   Thumb Code     0  __scatter.o(!!!scatter)
    __decompress                             0x0001c43d   Thumb Code    90  __dczerorl2.o(!!dczerorl2)
    __decompress1                            0x0001c43d   Thumb Code     0  __dczerorl2.o(!!dczerorl2)
    __scatterload_zeroinit                   0x0001c499   Thumb Code    28  __scatter_zi.o(!!handler_zi)
    __rt_lib_init                            0x0001c4b5   Thumb Code     0  libinit.o(.ARM.Collect$$libinit$$00000000)
    __rt_lib_init_fp_1                       0x0001c4b7   Thumb Code     0  libinit2.o(.ARM.Collect$$libinit$$00000001)
    __rt_lib_init_alloca_1                   0x0001c4bb   Thumb Code     0  libinit2.o(.ARM.Collect$$libinit$$0000002E)
    __rt_lib_init_argv_1                     0x0001c4bb   Thumb Code     0  libinit2.o(.ARM.Collect$$libinit$$0000002C)
    __rt_lib_init_atexit_1                   0x0001c4bb   Thumb Code     0  libinit2.o(.ARM.Collect$$libinit$$0000001B)
    __rt_lib_init_clock_1                    0x0001c4bb   Thumb Code     0  libinit2.o(.ARM.Collect$$libinit$$00000021)
    __rt_lib_init_cpp_1                      0x0001c4bb   Thumb Code     0  libinit2.o(.ARM.Collect$$libinit$$00000032)
    __rt_lib_init_exceptions_1               0x0001c4bb   Thumb Code     0  libinit2.o(.ARM.Collect$$libinit$$00000030)
    __rt_lib_init_fp_trap_1                  0x0001c4bb   Thumb Code     0  libinit2.o(.ARM.Collect$$libinit$$0000001F)
    __rt_lib_init_getenv_1                   0x0001c4bb   Thumb Code     0  libinit2.o(.ARM.Collect$$libinit$$00000023)
    __rt_lib_init_heap_1                     0x0001c4bb   Thumb Code     0  libinit2.o(.ARM.Collect$$libinit$$0000000A)
    __rt_lib_init_lc_collate_1               0x0001c4bb   Thumb Code     0  libinit2.o(.ARM.Collect$$libinit$$00000011)
    __rt_lib_init_lc_ctype_1                 0x0001c4bb   Thumb Code     0  libinit2.o(.ARM.Collect$$libinit$$00000013)
    __rt_lib_init_lc_monetary_1              0x0001c4bb   Thumb Code     0  libinit2.o(.ARM.Collect$$libinit$$00000015)
    __rt_lib_init_lc_numeric_1               0x0001c4bb   Thumb Code     0  libinit2.o(.ARM.Collect$$libinit$$00000017)
    __rt_lib_init_lc_time_1                  0x0001c4bb   Thumb Code     0  libinit2.o(.ARM.Collect$$libinit$$00000019)
    __rt_lib_init_preinit_1                  0x0001c4bb   Thumb Code     0  libinit2.o(.ARM.Collect$$libinit$$00000004)
    __rt_lib_init_rand_1                     0x0001c4bb   Thumb Code     0  libinit2.o(.ARM.Collect$$libinit$$0000000E)
    __rt_lib_init_return                     0x0001c4bb   Thumb Code     0  libinit2.o(.ARM.Collect$$libinit$$00000033)
    __rt_lib_init_signal_1                   0x0001c4bb   Thumb Code     0  libinit2.o(.ARM.Collect$$libinit$$0000001D)
    __rt_lib_init_stdio_1                    0x0001c4bb   Thumb Code     0  libinit2.o(.ARM.Collect$$libinit$$00000025)
    __rt_lib_init_user_alloc_1               0x0001c4bb   Thumb Code     0  libinit2.o(.ARM.Collect$$libinit$$0000000C)
    __rt_lib_shutdown                        0x0001c4bd   Thumb Code     0  libshutdown.o(.ARM.Collect$$libshutdown$$00000000)
    __rt_lib_shutdown_cpp_1                  0x0001c4bf   Thumb Code     0  libshutdown2.o(.ARM.Collect$$libshutdown$$00000002)
    __rt_lib_shutdown_fp_trap_1              0x0001c4bf   Thumb Code     0  libshutdown2.o(.ARM.Collect$$libshutdown$$00000007)
    __rt_lib_shutdown_heap_1                 0x0001c4bf   Thumb Code     0  libshutdown2.o(.ARM.Collect$$libshutdown$$0000000F)
    __rt_lib_shutdown_return                 0x0001c4bf   Thumb Code     0  libshutdown2.o(.ARM.Collect$$libshutdown$$00000010)
    __rt_lib_shutdown_signal_1               0x0001c4bf   Thumb Code     0  libshutdown2.o(.ARM.Collect$$libshutdown$$0000000A)
    __rt_lib_shutdown_stdio_1                0x0001c4bf   Thumb Code     0  libshutdown2.o(.ARM.Collect$$libshutdown$$00000004)
    __rt_lib_shutdown_user_alloc_1           0x0001c4bf   Thumb Code     0  libshutdown2.o(.ARM.Collect$$libshutdown$$0000000C)
    __rt_entry                               0x0001c4c1   Thumb Code     0  __rtentry.o(.ARM.Collect$$rtentry$$00000000)
    __rt_entry_presh_1                       0x0001c4c1   Thumb Code     0  __rtentry2.o(.ARM.Collect$$rtentry$$00000002)
    __rt_entry_sh                            0x0001c4c1   Thumb Code     0  __rtentry4.o(.ARM.Collect$$rtentry$$00000004)
    __rt_entry_li                            0x0001c4c7   Thumb Code     0  __rtentry2.o(.ARM.Collect$$rtentry$$0000000A)
    __rt_entry_postsh_1                      0x0001c4c7   Thumb Code     0  __rtentry2.o(.ARM.Collect$$rtentry$$00000009)
    __rt_entry_main                          0x0001c4cb   Thumb Code     0  __rtentry2.o(.ARM.Collect$$rtentry$$0000000D)
    __rt_entry_postli_1                      0x0001c4cb   Thumb Code     0  __rtentry2.o(.ARM.Collect$$rtentry$$0000000C)
    __rt_exit                                0x0001c4d3   Thumb Code     0  rtexit.o(.ARM.Collect$$rtexit$$00000000)
    __rt_exit_ls                             0x0001c4d5   Thumb Code     0  rtexit2.o(.ARM.Collect$$rtexit$$00000003)
    __rt_exit_prels_1                        0x0001c4d5   Thumb Code     0  rtexit2.o(.ARM.Collect$$rtexit$$00000002)
    __rt_exit_exit                           0x0001c4d9   Thumb Code     0  rtexit2.o(.ARM.Collect$$rtexit$$00000004)
    __asm___11_app_timer_c_cd27f9c3__nrf_delay_us 0x0001c4e1   Thumb Code   118  app_timer.o(.emb_text)
    __asm___11_nrf_delay_c_532987f3__nrf_delay_us 0x0001c559   Thumb Code   118  nrf_delay.o(.emb_text)
    __asm___13_nrf_drv_twi_c_a9bcf68d__nrf_delay_us 0x0001c5d1   Thumb Code   118  nrf_drv_twi.o(.emb_text)
    Reset_Handler                            0x0001c649   Thumb Code     8  arm_startup_nrf52.o(.text)
    NMI_Handler                              0x0001c651   Thumb Code     2  arm_startup_nrf52.o(.text)
    HardFault_Handler                        0x0001c653   Thumb Code     2  arm_startup_nrf52.o(.text)
    MemoryManagement_Handler                 0x0001c655   Thumb Code     2  arm_startup_nrf52.o(.text)
    BusFault_Handler                         0x0001c657   Thumb Code     2  arm_startup_nrf52.o(.text)
    UsageFault_Handler                       0x0001c659   Thumb Code     2  arm_startup_nrf52.o(.text)
    SVC_Handler                              0x0001c65b   Thumb Code     2  arm_startup_nrf52.o(.text)
    DebugMon_Handler                         0x0001c65d   Thumb Code     2  arm_startup_nrf52.o(.text)
    PendSV_Handler                           0x0001c65f   Thumb Code     2  arm_startup_nrf52.o(.text)
    SysTick_Handler                          0x0001c661   Thumb Code     2  arm_startup_nrf52.o(.text)
    CCM_AAR_IRQHandler                       0x0001c663   Thumb Code     0  arm_startup_nrf52.o(.text)
    COMP_LPCOMP_IRQHandler                   0x0001c663   Thumb Code     0  arm_startup_nrf52.o(.text)
    ECB_IRQHandler                           0x0001c663   Thumb Code     0  arm_startup_nrf52.o(.text)
    FPU_IRQHandler                           0x0001c663   Thumb Code     0  arm_startup_nrf52.o(.text)
    I2S_IRQHandler                           0x0001c663   Thumb Code     0  arm_startup_nrf52.o(.text)
    MWU_IRQHandler                           0x0001c663   Thumb Code     0  arm_startup_nrf52.o(.text)
    NFCT_IRQHandler                          0x0001c663   Thumb Code     0  arm_startup_nrf52.o(.text)
    PDM_IRQHandler                           0x0001c663   Thumb Code     0  arm_startup_nrf52.o(.text)
    POWER_CLOCK_IRQHandler                   0x0001c663   Thumb Code     0  arm_startup_nrf52.o(.text)
    PWM0_IRQHandler                          0x0001c663   Thumb Code     0  arm_startup_nrf52.o(.text)
    PWM1_IRQHandler                          0x0001c663   Thumb Code     0  arm_startup_nrf52.o(.text)
    PWM2_IRQHandler                          0x0001c663   Thumb Code     0  arm_startup_nrf52.o(.text)
    QDEC_IRQHandler                          0x0001c663   Thumb Code     0  arm_startup_nrf52.o(.text)
    RADIO_IRQHandler                         0x0001c663   Thumb Code     0  arm_startup_nrf52.o(.text)
    RNG_IRQHandler                           0x0001c663   Thumb Code     0  arm_startup_nrf52.o(.text)
    RTC0_IRQHandler                          0x0001c663   Thumb Code     0  arm_startup_nrf52.o(.text)
    RTC2_IRQHandler                          0x0001c663   Thumb Code     0  arm_startup_nrf52.o(.text)
    SPIM1_SPIS1_TWIM1_TWIS1_SPI1_TWI1_IRQHandler 0x0001c663   Thumb Code     0  arm_startup_nrf52.o(.text)
    SPIM2_SPIS2_SPI2_IRQHandler              0x0001c663   Thumb Code     0  arm_startup_nrf52.o(.text)
    SWI1_EGU1_IRQHandler                     0x0001c663   Thumb Code     0  arm_startup_nrf52.o(.text)
    SWI3_EGU3_IRQHandler                     0x0001c663   Thumb Code     0  arm_startup_nrf52.o(.text)
    SWI4_EGU4_IRQHandler                     0x0001c663   Thumb Code     0  arm_startup_nrf52.o(.text)
    SWI5_EGU5_IRQHandler                     0x0001c663   Thumb Code     0  arm_startup_nrf52.o(.text)
    TEMP_IRQHandler                          0x0001c663   Thumb Code     0  arm_startup_nrf52.o(.text)
    TIMER2_IRQHandler                        0x0001c663   Thumb Code     0  arm_startup_nrf52.o(.text)
    TIMER3_IRQHandler                        0x0001c663   Thumb Code     0  arm_startup_nrf52.o(.text)
    TIMER4_IRQHandler                        0x0001c663   Thumb Code     0  arm_startup_nrf52.o(.text)
    WDT_IRQHandler                           0x0001c663   Thumb Code     0  arm_startup_nrf52.o(.text)
    __user_initial_stackheap                 0x0001c665   Thumb Code    10  arm_startup_nrf52.o(.text)
    strlen                                   0x0001c689   Thumb Code    62  strlen.o(.text)
    __aeabi_memcpy                           0x0001c6c7   Thumb Code     0  rt_memcpy_v6.o(.text)
    __rt_memcpy                              0x0001c6c7   Thumb Code   138  rt_memcpy_v6.o(.text)
    _memcpy_lastbytes                        0x0001c72d   Thumb Code     0  rt_memcpy_v6.o(.text)
    __aeabi_memcpy4                          0x0001c751   Thumb Code     0  rt_memcpy_w.o(.text)
    __aeabi_memcpy8                          0x0001c751   Thumb Code     0  rt_memcpy_w.o(.text)
    __rt_memcpy_w                            0x0001c751   Thumb Code   100  rt_memcpy_w.o(.text)
    _memcpy_lastbytes_aligned                0x0001c799   Thumb Code     0  rt_memcpy_w.o(.text)
    __aeabi_memclr4                          0x0001c7b5   Thumb Code     0  rt_memclr_w.o(.text)
    __aeabi_memclr8                          0x0001c7b5   Thumb Code     0  rt_memclr_w.o(.text)
    __rt_memclr_w                            0x0001c7b5   Thumb Code    78  rt_memclr_w.o(.text)
    _memset_w                                0x0001c7b9   Thumb Code     0  rt_memclr_w.o(.text)
    __use_two_region_memory                  0x0001c803   Thumb Code     2  heapauxi.o(.text)
    __rt_heap_escrow$2region                 0x0001c805   Thumb Code     2  heapauxi.o(.text)
    __rt_heap_expand$2region                 0x0001c807   Thumb Code     2  heapauxi.o(.text)
    __user_setup_stackheap                   0x0001c809   Thumb Code    74  sys_stackheap_outer.o(.text)
    exit                                     0x0001c853   Thumb Code    18  exit.o(.text)
    __user_libspace                          0x0001c865   Thumb Code     8  libspace.o(.text)
    __user_perproc_libspace                  0x0001c865   Thumb Code     0  libspace.o(.text)
    __user_perthread_libspace                0x0001c865   Thumb Code     0  libspace.o(.text)
    _sys_exit                                0x0001c86d   Thumb Code     8  sys_exit.o(.text)
    __I$use$semihosting                      0x0001c879   Thumb Code     0  use_no_semi.o(.text)
    __use_no_semihosting_swi                 0x0001c879   Thumb Code     2  use_no_semi.o(.text)
    __semihosting_library_function           0x0001c87b   Thumb Code     0  indicate_semi.o(.text)
    GPIOTE_IRQHandler                        0x0001c87d   Thumb Code   316  nrf_drv_gpiote.o(i.GPIOTE_IRQHandler)
    I2C_routine                              0x0001c9c5   Thumb Code    22  accelerometer.o(i.I2C_routine)
    RTC1_IRQHandler                          0x0001ca51   Thumb Code    32  app_timer.o(i.RTC1_IRQHandler)
    SAADC_IRQHandler                         0x0001ca75   Thumb Code   172  nrf_drv_saadc.o(i.SAADC_IRQHandler)
    SPIM0_SPIS0_TWIM0_TWIS0_SPI0_TWI0_IRQHandler 0x0001cb31   Thumb Code     8  nrf_drv_twi.o(i.SPIM0_SPIS0_TWIM0_TWIS0_SPI0_TWI0_IRQHandler)
    SWI0_EGU0_IRQHandler                     0x0001cb41   Thumb Code     4  app_timer.o(i.SWI0_EGU0_IRQHandler)
    SWI2_EGU2_IRQHandler                     0x0001cb45   Thumb Code    32  softdevice_handler.o(i.SWI2_EGU2_IRQHandler)
    SystemInit                               0x0001cb69   Thumb Code   566  system_nrf52.o(i.SystemInit)
    TIMER0_IRQHandler                        0x0001cdd5   Thumb Code    10  nrf_drv_timer.o(i.TIMER0_IRQHandler)
    TIMER1_IRQHandler                        0x0001cde9   Thumb Code    10  nrf_drv_timer.o(i.TIMER1_IRQHandler)
    UARTE0_UART0_IRQHandler                  0x0001cdfd   Thumb Code    14  nrf_drv_uart.o(i.UARTE0_UART0_IRQHandler)
    adv_data_encode                          0x0001ce11   Thumb Code   514  ble_advdata.o(i.adv_data_encode)
    app_error_fault_handler                  0x0001d46d   Thumb Code    26  app_error_weak.o(i.app_error_fault_handler)
    app_error_handler_bare                   0x0001d491   Thumb Code    22  app_error.o(i.app_error_handler_bare)
    app_timer_create                         0x0001d4a9   Thumb Code    32  app_timer.o(i.app_timer_create)
    app_timer_init                           0x0001d4cd   Thumb Code   134  app_timer.o(i.app_timer_init)
    app_timer_start                          0x0001d55d   Thumb Code   118  app_timer.o(i.app_timer_start)
    app_timer_stop                           0x0001d5dd   Thumb Code    76  app_timer.o(i.app_timer_stop)
    ble_ads_init                             0x0001d9a1   Thumb Code   142  ble_ads.o(i.ble_ads_init)
    ble_ads_on_ble_evt                       0x0001da35   Thumb Code    80  ble_ads.o(i.ble_ads_on_ble_evt)
    ble_advdata_set                          0x0001da85   Thumb Code   104  ble_advdata.o(i.ble_advdata_set)
    ble_ats_init                             0x0001daed   Thumb Code    98  ble_ats.o(i.ble_ats_init)
    ble_ats_on_ble_evt                       0x0001db55   Thumb Code    22  ble_ats.o(i.ble_ats_on_ble_evt)
    ble_ats_temperature_update               0x0001db6b   Thumb Code    98  ble_ats.o(i.ble_ats_temperature_update)
    ble_ats_vsolar_update                    0x0001dbcd   Thumb Code    98  ble_ats.o(i.ble_ats_vsolar_update)
    ble_bas_battery_level_update             0x0001dc2f   Thumb Code   122  ble_bas.o(i.ble_bas_battery_level_update)
    ble_bas_init                             0x0001dca9   Thumb Code    68  ble_bas.o(i.ble_bas_init)
    ble_bas_on_ble_evt                       0x0001dced   Thumb Code    30  ble_bas.o(i.ble_bas_on_ble_evt)
    ble_dis_init                             0x0001dd69   Thumb Code   296  ble_dis.o(i.ble_dis_init)
    ble_srv_ascii_to_utf8                    0x0001dedd   Thumb Code    18  ble_srv_common.o(i.ble_srv_ascii_to_utf8)
    ble_srv_report_ref_encode                0x0001deef   Thumb Code    12  ble_srv_common.o(i.ble_srv_report_ref_encode)
    bma280_init                              0x0001df75   Thumb Code    82  accelerometer.o(i.bma280_init)
    bma2x2_init                              0x0001dfcd   Thumb Code    64  bma2x2.o(i.bma2x2_init)
    bma2x2_read_reg                          0x0001e011   Thumb Code    36  bma2x2.o(i.bma2x2_read_reg)
    bma2x2_set_bw                            0x0001e039   Thumb Code   156  bma2x2.o(i.bma2x2_set_bw)
    bma2x2_set_intr_level                    0x0001e0d9   Thumb Code   102  bma2x2.o(i.bma2x2_set_intr_level)
    bma2x2_set_intr_output_type              0x0001e145   Thumb Code   102  bma2x2.o(i.bma2x2_set_intr_output_type)
    bma2x2_set_mode_value                    0x0001e1b1   Thumb Code    78  bma2x2.o(i.bma2x2_set_mode_value)
    bma2x2_set_power_mode                    0x0001e205   Thumb Code   238  bma2x2.o(i.bma2x2_set_power_mode)
    bma2x2_write_reg                         0x0001e2f9   Thumb Code    36  bma2x2.o(i.bma2x2_write_reg)
    bma_delay_msec                           0x0001e321   Thumb Code     4  accelerometer.o(i.bma_delay_msec)
    bma_i2c_read                             0x0001e325   Thumb Code    80  accelerometer.o(i.bma_i2c_read)
    bma_i2c_write                            0x0001e37d   Thumb Code    66  accelerometer.o(i.bma_i2c_write)
    button_interrupt                         0x0001e3c9   Thumb Code    30  main.o(i.button_interrupt)
    intern_softdevice_events_execute         0x0001e701   Thumb Code   106  softdevice_handler.o(i.intern_softdevice_events_execute)
    is_extension_byte                        0x0001e865   Thumb Code    62  main.o(i.is_extension_byte)
    main                                     0x0001eb09   Thumb Code   162  main.o(i.main)
    nrf_delay_ms                             0x0001eced   Thumb Code    26  nrf_delay.o(i.nrf_delay_ms)
    nrf_drv_common_irq_enable                0x0001ed07   Thumb Code    56  nrf_drv_common.o(i.nrf_drv_common_irq_enable)
    nrf_drv_gpiote_in_event_enable           0x0001ed41   Thumb Code   150  nrf_drv_gpiote.o(i.nrf_drv_gpiote_in_event_enable)
    nrf_drv_gpiote_in_init                   0x0001ede5   Thumb Code   170  nrf_drv_gpiote.o(i.nrf_drv_gpiote_in_init)
    nrf_drv_gpiote_init                      0x0001ee9d   Thumb Code    76  nrf_drv_gpiote.o(i.nrf_drv_gpiote_init)
    nrf_drv_saadc_buffer_convert             0x0001eef1   Thumb Code   130  nrf_drv_saadc.o(i.nrf_drv_saadc_buffer_convert)
    nrf_drv_saadc_channel_init               0x0001ef85   Thumb Code    68  nrf_drv_saadc.o(i.nrf_drv_saadc_channel_init)
    nrf_drv_saadc_channel_uninit             0x0001efcd   Thumb Code    66  nrf_drv_saadc.o(i.nrf_drv_saadc_channel_uninit)
    nrf_drv_saadc_init                       0x0001f015   Thumb Code    94  nrf_drv_saadc.o(i.nrf_drv_saadc_init)
    nrf_drv_saadc_limits_set                 0x0001f089   Thumb Code   120  nrf_drv_saadc.o(i.nrf_drv_saadc_limits_set)
    nrf_drv_saadc_sample                     0x0001f109   Thumb Code    22  nrf_drv_saadc.o(i.nrf_drv_saadc_sample)
    nrf_drv_saadc_uninit                     0x0001f129   Thumb Code   102  nrf_drv_saadc.o(i.nrf_drv_saadc_uninit)
    nrf_drv_twi_enable                       0x0001f19d   Thumb Code    28  nrf_drv_twi.o(i.nrf_drv_twi_enable)
    nrf_drv_twi_init                         0x0001f1bd   Thumb Code   134  nrf_drv_twi.o(i.nrf_drv_twi_init)
    nrf_drv_twi_rx                           0x0001f24d   Thumb Code    32  nrf_drv_twi.o(i.nrf_drv_twi_rx)
    nrf_drv_twi_tx                           0x0001f271   Thumb Code    36  nrf_drv_twi.o(i.nrf_drv_twi_tx)
    nrf_drv_twi_xfer                         0x0001f295   Thumb Code    40  nrf_drv_twi.o(i.nrf_drv_twi_xfer)
    nrf_saadc_channel_init                   0x0001f335   Thumb Code    90  nrf_saadc.o(i.nrf_saadc_channel_init)
    on_temperature_send                      0x0001f3f3   Thumb Code     2  main.o(i.on_temperature_send)
    pstorage_block_identifier_get            0x0001f459   Thumb Code    76  pstorage.o(i.pstorage_block_identifier_get)
    pstorage_init                            0x0001f4d5   Thumb Code    84  pstorage.o(i.pstorage_init)
    pstorage_load                            0x0001f535   Thumb Code   158  pstorage.o(i.pstorage_load)
    pstorage_register                        0x0001f5dd   Thumb Code   172  pstorage.o(i.pstorage_register)
    saadc_callback                           0x0001f71d   Thumb Code    82  saadc.o(i.saadc_callback)
    saadc_get_data_ch_0                      0x0001f779   Thumb Code     6  saadc.o(i.saadc_get_data_ch_0)
    saadc_get_data_ch_1                      0x0001f785   Thumb Code     6  saadc.o(i.saadc_get_data_ch_1)
    saadc_init                               0x0001f791   Thumb Code   136  saadc.o(i.saadc_init)
    saadc_reset_data                         0x0001f821   Thumb Code    10  saadc.o(i.saadc_reset_data)
    sd_check_ram_start                       0x0001f831   Thumb Code    10  softdevice_handler.o(i.sd_check_ram_start)
    sensor_timer_handler                     0x0001f8c9   Thumb Code   192  main.o(i.sensor_timer_handler)
    softdevice_ble_evt_handler_set           0x0001fbd5   Thumb Code    14  softdevice_handler.o(i.softdevice_ble_evt_handler_set)
    softdevice_enable                        0x0001fbe9   Thumb Code    14  softdevice_handler.o(i.softdevice_enable)
    softdevice_enable_get_default_config     0x0001fbfd   Thumb Code    38  softdevice_handler.o(i.softdevice_enable_get_default_config)
    softdevice_fault_handler                 0x0001fc23   Thumb Code     4  softdevice_handler.o(i.softdevice_fault_handler)
    softdevice_handler_init                  0x0001fc29   Thumb Code    42  softdevice_handler.o(i.softdevice_handler_init)
    softdevice_sys_evt_handler_set           0x0001fc5d   Thumb Code    14  softdevice_handler.o(i.softdevice_sys_evt_handler_set)
    start_sampling                           0x0001fc71   Thumb Code    20  saadc.o(i.start_sampling)
    timers_init                              0x0001fe19   Thumb Code    34  main.o(i.timers_init)
    timers_start                             0x0001fe49   Thumb Code    30  main.o(i.timers_start)
    twi_handler                              0x0001ff1d   Thumb Code    22  accelerometer.o(i.twi_handler)
    twi_init                                 0x0001ff39   Thumb Code    40  accelerometer.o(i.twi_init)
    twi_reset                                0x0001ff69   Thumb Code    14  accelerometer.o(i.twi_reset)
    __aeabi_dadd                             0x000206a5   Thumb Code     0  daddsub_clz.o(x$fpl$dadd)
    _dadd                                    0x000206a5   Thumb Code   332  daddsub_clz.o(x$fpl$dadd)
    __aeabi_ddiv                             0x000207f5   Thumb Code     0  ddiv.o(x$fpl$ddiv)
    _ddiv                                    0x000207f5   Thumb Code   552  ddiv.o(x$fpl$ddiv)
    __aeabi_d2uiz                            0x00020aa5   Thumb Code     0  dfixu.o(x$fpl$dfixu)
    _dfixu                                   0x00020aa5   Thumb Code    90  dfixu.o(x$fpl$dfixu)
    __aeabi_ui2d                             0x00020aff   Thumb Code     0  dflt_clz.o(x$fpl$dfltu)
    _dfltu                                   0x00020aff   Thumb Code    38  dflt_clz.o(x$fpl$dfltu)
    __aeabi_dmul                             0x00020b25   Thumb Code     0  dmul.o(x$fpl$dmul)
    _dmul                                    0x00020b25   Thumb Code   332  dmul.o(x$fpl$dmul)
    __fpl_dnaninf                            0x00020c79   Thumb Code   156  dnaninf.o(x$fpl$dnaninf)
    __fpl_dretinf                            0x00020d15   Thumb Code    12  dretinf.o(x$fpl$dretinf)
    __aeabi_dsub                             0x00020d21   Thumb Code     0  daddsub_clz.o(x$fpl$dsub)
    _dsub                                    0x00020d21   Thumb Code   464  daddsub_clz.o(x$fpl$dsub)
    _fp_init                                 0x00020ef5   Thumb Code    10  fpinit.o(x$fpl$fpinit)
    __fplib_config_fpu_vfp                   0x00020efd   Thumb Code     0  fpinit.o(x$fpl$fpinit)
    __fplib_config_pureend_doubles           0x00020efd   Thumb Code     0  fpinit.o(x$fpl$fpinit)
    __I$use$fp                               0x00020efe   Number         0  usenofp.o(x$fpl$usenofp)
    Region$$Table$$Base                      0x00020f78   Number         0  anon$$obj.o(Region$$Table)
    Region$$Table$$Limit                     0x00020f98   Number         0  anon$$obj.o(Region$$Table)
    Image$$RW_IRAM1$$Base                    0x20002080   Number         0  anon$$obj.o ABSOLUTE
    smart_power_mode_enabled                 0x20002080   Data           1  main.o(.data)
    tx_power_level                           0x20002081   Data           1  main.o(.data)
    advertising_mode                         0x20002082   Data           1  main.o(.data)
    test                                     0x20002083   Data           1  main.o(.data)
    cpt                                      0x20002084   Data           1  main.o(.data)
    url_data_size                            0x20002085   Data           1  main.o(.data)
    non_connectable_adv_interval             0x20002086   Data           2  main.o(.data)
    v_solar                                  0x2000208a   Data           2  main.o(.data)
    v_bat                                    0x2000208c   Data           2  main.o(.data)
    block_handle_1                           0x20002090   Data           8  main.o(.data)
    block_handle_2                           0x20002098   Data           8  main.o(.data)
    block_handle_3                           0x200020a0   Data           8  main.o(.data)
    V_BMA2x2RESOLUTION_U8                    0x200021c4   Data           1  bma2x2.o(.data)
    SystemCoreClock                          0x200021cc   Data           4  system_nrf52.o(.data)
    destination_data_1                       0x200023b8   Data          16  main.o(.bss)
    destination_data_2                       0x200023c8   Data          16  main.o(.bss)
    destination_data_3                       0x200023d8   Data          16  main.o(.bss)
    bma2x2                                   0x20002498   Data          24  accelerometer.o(.bss)
    nrf_nvic_state                           0x200024b0   Data          12  softdevice_handler.o(.bss)
    __libspace_start                         0x20002814   Data          96  libspace.o(.bss)
    __temporary_stack_top$libspace           0x20002874   Data           0  libspace.o(.bss)



==============================================================================

Memory Map of the image

  Image Entry point : 0x0001c401

  Load Region LR_IROM1 (Base: 0x0001c000, Size: 0x000050e8, Max: 0x00064000, ABSOLUTE, COMPRESSED[0x00004fe0])

    Execution Region ER_IROM1 (Base: 0x0001c000, Size: 0x00004f98, Max: 0x00064000, ABSOLUTE)

    Base Addr    Size         Type   Attr      Idx    E Section Name        Object

    0x0001c000   0x00000400   Data   RO         4186    RESET               arm_startup_nrf52.o
    0x0001c400   0x00000008   Code   RO         4241  * !!!main             c_w.l(__main.o)
    0x0001c408   0x00000034   Code   RO         4427    !!!scatter          c_w.l(__scatter.o)
    0x0001c43c   0x0000005a   Code   RO         4425    !!dczerorl2         c_w.l(__dczerorl2.o)
    0x0001c496   0x00000002   PAD
    0x0001c498   0x0000001c   Code   RO         4429    !!handler_zi        c_w.l(__scatter_zi.o)
    0x0001c4b4   0x00000002   Code   RO         4295    .ARM.Collect$$libinit$$00000000  c_w.l(libinit.o)
    0x0001c4b6   0x00000004   Code   RO         4301    .ARM.Collect$$libinit$$00000001  c_w.l(libinit2.o)
    0x0001c4ba   0x00000000   Code   RO         4304    .ARM.Collect$$libinit$$00000004  c_w.l(libinit2.o)
    0x0001c4ba   0x00000000   Code   RO         4307    .ARM.Collect$$libinit$$0000000A  c_w.l(libinit2.o)
    0x0001c4ba   0x00000000   Code   RO         4309    .ARM.Collect$$libinit$$0000000C  c_w.l(libinit2.o)
    0x0001c4ba   0x00000000   Code   RO         4311    .ARM.Collect$$libinit$$0000000E  c_w.l(libinit2.o)
    0x0001c4ba   0x00000000   Code   RO         4314    .ARM.Collect$$libinit$$00000011  c_w.l(libinit2.o)
    0x0001c4ba   0x00000000   Code   RO         4316    .ARM.Collect$$libinit$$00000013  c_w.l(libinit2.o)
    0x0001c4ba   0x00000000   Code   RO         4318    .ARM.Collect$$libinit$$00000015  c_w.l(libinit2.o)
    0x0001c4ba   0x00000000   Code   RO         4320    .ARM.Collect$$libinit$$00000017  c_w.l(libinit2.o)
    0x0001c4ba   0x00000000   Code   RO         4322    .ARM.Collect$$libinit$$00000019  c_w.l(libinit2.o)
    0x0001c4ba   0x00000000   Code   RO         4324    .ARM.Collect$$libinit$$0000001B  c_w.l(libinit2.o)
    0x0001c4ba   0x00000000   Code   RO         4326    .ARM.Collect$$libinit$$0000001D  c_w.l(libinit2.o)
    0x0001c4ba   0x00000000   Code   RO         4328    .ARM.Collect$$libinit$$0000001F  c_w.l(libinit2.o)
    0x0001c4ba   0x00000000   Code   RO         4330    .ARM.Collect$$libinit$$00000021  c_w.l(libinit2.o)
    0x0001c4ba   0x00000000   Code   RO         4332    .ARM.Collect$$libinit$$00000023  c_w.l(libinit2.o)
    0x0001c4ba   0x00000000   Code   RO         4334    .ARM.Collect$$libinit$$00000025  c_w.l(libinit2.o)
    0x0001c4ba   0x00000000   Code   RO         4338    .ARM.Collect$$libinit$$0000002C  c_w.l(libinit2.o)
    0x0001c4ba   0x00000000   Code   RO         4340    .ARM.Collect$$libinit$$0000002E  c_w.l(libinit2.o)
    0x0001c4ba   0x00000000   Code   RO         4342    .ARM.Collect$$libinit$$00000030  c_w.l(libinit2.o)
    0x0001c4ba   0x00000000   Code   RO         4344    .ARM.Collect$$libinit$$00000032  c_w.l(libinit2.o)
    0x0001c4ba   0x00000002   Code   RO         4345    .ARM.Collect$$libinit$$00000033  c_w.l(libinit2.o)
    0x0001c4bc   0x00000002   Code   RO         4365    .ARM.Collect$$libshutdown$$00000000  c_w.l(libshutdown.o)
    0x0001c4be   0x00000000   Code   RO         4378    .ARM.Collect$$libshutdown$$00000002  c_w.l(libshutdown2.o)
    0x0001c4be   0x00000000   Code   RO         4380    .ARM.Collect$$libshutdown$$00000004  c_w.l(libshutdown2.o)
    0x0001c4be   0x00000000   Code   RO         4383    .ARM.Collect$$libshutdown$$00000007  c_w.l(libshutdown2.o)
    0x0001c4be   0x00000000   Code   RO         4386    .ARM.Collect$$libshutdown$$0000000A  c_w.l(libshutdown2.o)
    0x0001c4be   0x00000000   Code   RO         4388    .ARM.Collect$$libshutdown$$0000000C  c_w.l(libshutdown2.o)
    0x0001c4be   0x00000000   Code   RO         4391    .ARM.Collect$$libshutdown$$0000000F  c_w.l(libshutdown2.o)
    0x0001c4be   0x00000002   Code   RO         4392    .ARM.Collect$$libshutdown$$00000010  c_w.l(libshutdown2.o)
    0x0001c4c0   0x00000000   Code   RO         4265    .ARM.Collect$$rtentry$$00000000  c_w.l(__rtentry.o)
    0x0001c4c0   0x00000000   Code   RO         4272    .ARM.Collect$$rtentry$$00000002  c_w.l(__rtentry2.o)
    0x0001c4c0   0x00000006   Code   RO         4284    .ARM.Collect$$rtentry$$00000004  c_w.l(__rtentry4.o)
    0x0001c4c6   0x00000000   Code   RO         4274    .ARM.Collect$$rtentry$$00000009  c_w.l(__rtentry2.o)
    0x0001c4c6   0x00000004   Code   RO         4275    .ARM.Collect$$rtentry$$0000000A  c_w.l(__rtentry2.o)
    0x0001c4ca   0x00000000   Code   RO         4277    .ARM.Collect$$rtentry$$0000000C  c_w.l(__rtentry2.o)
    0x0001c4ca   0x00000008   Code   RO         4278    .ARM.Collect$$rtentry$$0000000D  c_w.l(__rtentry2.o)
    0x0001c4d2   0x00000002   Code   RO         4299    .ARM.Collect$$rtexit$$00000000  c_w.l(rtexit.o)
    0x0001c4d4   0x00000000   Code   RO         4347    .ARM.Collect$$rtexit$$00000002  c_w.l(rtexit2.o)
    0x0001c4d4   0x00000004   Code   RO         4348    .ARM.Collect$$rtexit$$00000003  c_w.l(rtexit2.o)
    0x0001c4d8   0x00000006   Code   RO         4349    .ARM.Collect$$rtexit$$00000004  c_w.l(rtexit2.o)
    0x0001c4de   0x00000002   PAD
    0x0001c4e0   0x00000076   Code   RO         1487    .emb_text           app_timer.o
    0x0001c556   0x00000002   PAD
    0x0001c558   0x00000076   Code   RO         2275    .emb_text           nrf_delay.o
    0x0001c5ce   0x00000002   PAD
    0x0001c5d0   0x00000076   Code   RO         2310    .emb_text           nrf_drv_twi.o
    0x0001c646   0x00000002   PAD
    0x0001c648   0x00000040   Code   RO         4187    .text               arm_startup_nrf52.o
    0x0001c688   0x0000003e   Code   RO         4231    .text               c_w.l(strlen.o)
    0x0001c6c6   0x0000008a   Code   RO         4233    .text               c_w.l(rt_memcpy_v6.o)
    0x0001c750   0x00000064   Code   RO         4235    .text               c_w.l(rt_memcpy_w.o)
    0x0001c7b4   0x0000004e   Code   RO         4237    .text               c_w.l(rt_memclr_w.o)
    0x0001c802   0x00000006   Code   RO         4239    .text               c_w.l(heapauxi.o)
    0x0001c808   0x0000004a   Code   RO         4286    .text               c_w.l(sys_stackheap_outer.o)
    0x0001c852   0x00000012   Code   RO         4288    .text               c_w.l(exit.o)
    0x0001c864   0x00000008   Code   RO         4296    .text               c_w.l(libspace.o)
    0x0001c86c   0x0000000c   Code   RO         4357    .text               c_w.l(sys_exit.o)
    0x0001c878   0x00000002   Code   RO         4368    .text               c_w.l(use_no_semi.o)
    0x0001c87a   0x00000000   Code   RO         4370    .text               c_w.l(indicate_semi.o)
    0x0001c87a   0x00000002   PAD
    0x0001c87c   0x00000148   Code   RO         2076    i.GPIOTE_IRQHandler  nrf_drv_gpiote.o
    0x0001c9c4   0x00000028   Code   RO          589    i.I2C_routine       accelerometer.o
    0x0001c9ec   0x00000016   Code   RO         1488    i.NVIC_ClearPendingIRQ  app_timer.o
    0x0001ca02   0x00000016   Code   RO         1489    i.NVIC_EnableIRQ    app_timer.o
    0x0001ca18   0x00000016   Code   RO         1490    i.NVIC_SetPendingIRQ  app_timer.o
    0x0001ca2e   0x00000020   Code   RO         1491    i.NVIC_SetPriority  app_timer.o
    0x0001ca4e   0x00000002   PAD
    0x0001ca50   0x00000024   Code   RO         1492    i.RTC1_IRQHandler   app_timer.o
    0x0001ca74   0x000000bc   Code   RO         2457    i.SAADC_IRQHandler  nrf_drv_saadc.o
    0x0001cb30   0x00000010   Code   RO         2311    i.SPIM0_SPIS0_TWIM0_TWIS0_SPI0_TWI0_IRQHandler  nrf_drv_twi.o
    0x0001cb40   0x00000004   Code   RO         1493    i.SWI0_EGU0_IRQHandler  app_timer.o
    0x0001cb44   0x00000024   Code   RO         1658    i.SWI2_EGU2_IRQHandler  softdevice_handler.o
    0x0001cb68   0x0000026c   Code   RO         4195    i.SystemInit        system_nrf52.o
    0x0001cdd4   0x00000014   Code   RO         2708    i.TIMER0_IRQHandler  nrf_drv_timer.o
    0x0001cde8   0x00000014   Code   RO         2709    i.TIMER1_IRQHandler  nrf_drv_timer.o
    0x0001cdfc   0x00000014   Code   RO         1837    i.UARTE0_UART0_IRQHandler  nrf_drv_uart.o
    0x0001ce10   0x00000202   Code   RO          690    i.adv_data_encode   ble_advdata.o
    0x0001d012   0x000000a2   Code   RO         1082    i.adv_interval_char_add  ble_ads.o
    0x0001d0b4   0x00000024   Code   RO            6    i.adv_interval_write_handler  main.o
    0x0001d0d8   0x000000a0   Code   RO         1083    i.adv_mode_char_add  ble_ads.o
    0x0001d178   0x0000000c   Code   RO            7    i.adv_mode_write_handler  main.o
    0x0001d184   0x000000a4   Code   RO         1084    i.adv_payload_char_add  ble_ads.o
    0x0001d228   0x00000020   Code   RO            8    i.adv_payload_write_handler  main.o
    0x0001d248   0x000000a2   Code   RO         1085    i.adv_smart_power_char_add  ble_ads.o
    0x0001d2ea   0x00000002   PAD
    0x0001d2ec   0x00000038   Code   RO            9    i.adv_smart_power_write_handler  main.o
    0x0001d324   0x000000a2   Code   RO         1086    i.adv_tx_power_char_add  ble_ads.o
    0x0001d3c6   0x00000002   PAD
    0x0001d3c8   0x0000003c   Code   RO           10    i.adv_tx_power_write_handler  main.o
    0x0001d404   0x00000054   Code   RO           11    i.advertising_eddystone_init  main.o
    0x0001d458   0x00000014   Code   RO           12    i.advertising_start  main.o
    0x0001d46c   0x00000024   Code   RO         1363    i.app_error_fault_handler  app_error_weak.o
    0x0001d490   0x00000016   Code   RO         1312    i.app_error_handler_bare  app_error.o
    0x0001d4a6   0x00000002   PAD
    0x0001d4a8   0x00000024   Code   RO         1496    i.app_timer_create  app_timer.o
    0x0001d4cc   0x00000090   Code   RO         1497    i.app_timer_init    app_timer.o
    0x0001d55c   0x00000080   Code   RO         1498    i.app_timer_start   app_timer.o
    0x0001d5dc   0x00000050   Code   RO         1499    i.app_timer_stop    app_timer.o
    0x0001d62c   0x000000b8   Code   RO         1141    i.ats_accelerometer_data_char_add  ble_ats.o
    0x0001d6e4   0x000000b6   Code   RO         1142    i.ats_temperature_char_add  ble_ats.o
    0x0001d79a   0x000000b8   Code   RO         1143    i.ats_vsolar_char_add  ble_ats.o
    0x0001d852   0x0000014e   Code   RO          918    i.battery_level_char_add  ble_bas.o
    0x0001d9a0   0x00000094   Code   RO         1087    i.ble_ads_init      ble_ads.o
    0x0001da34   0x00000050   Code   RO         1088    i.ble_ads_on_ble_evt  ble_ads.o
    0x0001da84   0x00000068   Code   RO          691    i.ble_advdata_set   ble_advdata.o
    0x0001daec   0x00000068   Code   RO         1145    i.ble_ats_init      ble_ats.o
    0x0001db54   0x00000016   Code   RO         1146    i.ble_ats_on_ble_evt  ble_ats.o
    0x0001db6a   0x00000062   Code   RO         1147    i.ble_ats_temperature_update  ble_ats.o
    0x0001dbcc   0x00000062   Code   RO         1148    i.ble_ats_vsolar_update  ble_ats.o
    0x0001dc2e   0x0000007a   Code   RO          919    i.ble_bas_battery_level_update  ble_bas.o
    0x0001dca8   0x00000044   Code   RO          920    i.ble_bas_init      ble_bas.o
    0x0001dcec   0x0000001e   Code   RO          921    i.ble_bas_on_ble_evt  ble_bas.o
    0x0001dd0a   0x0000005e   Code   RO          692    i.ble_device_addr_encode  ble_advdata.o
    0x0001dd68   0x0000012c   Code   RO          965    i.ble_dis_init      ble_dis.o
    0x0001de94   0x00000048   Code   RO           13    i.ble_evt_dispatch  main.o
    0x0001dedc   0x00000012   Code   RO          871    i.ble_srv_ascii_to_utf8  ble_srv_common.o
    0x0001deee   0x0000000c   Code   RO          872    i.ble_srv_report_ref_encode  ble_srv_common.o
    0x0001defa   0x00000002   PAD
    0x0001defc   0x00000078   Code   RO           14    i.ble_stack_init    main.o
    0x0001df74   0x00000058   Code   RO          590    i.bma280_init       accelerometer.o
    0x0001dfcc   0x00000044   Code   RO         3161    i.bma2x2_init       bma2x2.o
    0x0001e010   0x00000028   Code   RO         3172    i.bma2x2_read_reg   bma2x2.o
    0x0001e038   0x000000a0   Code   RO         3175    i.bma2x2_set_bw     bma2x2.o
    0x0001e0d8   0x0000006c   Code   RO         3195    i.bma2x2_set_intr_level  bma2x2.o
    0x0001e144   0x0000006c   Code   RO         3198    i.bma2x2_set_intr_output_type  bma2x2.o
    0x0001e1b0   0x00000054   Code   RO         3205    i.bma2x2_set_mode_value  bma2x2.o
    0x0001e204   0x000000f4   Code   RO         3216    i.bma2x2_set_power_mode  bma2x2.o
    0x0001e2f8   0x00000028   Code   RO         3236    i.bma2x2_write_reg  bma2x2.o
    0x0001e320   0x00000004   Code   RO          595    i.bma_delay_msec    accelerometer.o
    0x0001e324   0x00000058   Code   RO          596    i.bma_i2c_read      accelerometer.o
    0x0001e37c   0x0000004c   Code   RO          597    i.bma_i2c_write     accelerometer.o
    0x0001e3c8   0x00000024   Code   RO           15    i.button_interrupt  main.o
    0x0001e3ec   0x0000001c   Code   RO         2077    i.channel_free      nrf_drv_gpiote.o
    0x0001e408   0x00000048   Code   RO         2078    i.channel_port_alloc  nrf_drv_gpiote.o
    0x0001e450   0x00000010   Code   RO         2079    i.channel_port_get  nrf_drv_gpiote.o
    0x0001e460   0x000000a0   Code   RO          966    i.char_add          ble_dis.o
    0x0001e500   0x00000020   Code   RO         2861    i.cmd_queue_element_init  pstorage.o
    0x0001e520   0x000000ac   Code   RO         1501    i.compare_reg_update  app_timer.o
    0x0001e5cc   0x00000088   Code   RO          693    i.conn_int_encode   ble_advdata.o
    0x0001e654   0x00000040   Code   RO         1502    i.elapsed_ticks_acquire  app_timer.o
    0x0001e694   0x0000006c   Code   RO           16    i.gap_params_init   main.o
    0x0001e700   0x00000070   Code   RO         1659    i.intern_softdevice_events_execute  softdevice_handler.o
    0x0001e770   0x0000003e   Code   RO         2710    i.irq_handler       nrf_drv_timer.o
    0x0001e7ae   0x000000b6   Code   RO         2312    i.irq_handler_twi   nrf_drv_twi.o
    0x0001e864   0x0000003e   Code   RO           17    i.is_extension_byte  main.o
    0x0001e8a2   0x0000000c   Code   RO         2872    i.is_word_aligned   pstorage.o
    0x0001e8ae   0x00000054   Code   RO          694    i.le_role_encode    ble_advdata.o
    0x0001e902   0x00000002   PAD
    0x0001e904   0x000000bc   Code   RO         1503    i.list_deletions_handler  app_timer.o
    0x0001e9c0   0x000000cc   Code   RO         1504    i.list_insertions_handler  app_timer.o
    0x0001ea8c   0x0000007c   Code   RO           18    i.load_settings     main.o
    0x0001eb08   0x000000b4   Code   RO           19    i.main              main.o
    0x0001ebbc   0x00000064   Code   RO          695    i.manuf_specific_data_encode  ble_advdata.o
    0x0001ec20   0x0000009c   Code   RO          696    i.name_encode       ble_advdata.o
    0x0001ecbc   0x00000030   Code   RO           20    i.non_connectable_adv_init  main.o
    0x0001ecec   0x0000001a   Code   RO         2276    i.nrf_delay_ms      nrf_delay.o
    0x0001ed06   0x00000038   Code   RO         2045    i.nrf_drv_common_irq_enable  nrf_drv_common.o
    0x0001ed3e   0x00000002   PAD
    0x0001ed40   0x000000a4   Code   RO         2082    i.nrf_drv_gpiote_in_event_enable  nrf_drv_gpiote.o
    0x0001ede4   0x000000b8   Code   RO         2083    i.nrf_drv_gpiote_in_init  nrf_drv_gpiote.o
    0x0001ee9c   0x00000054   Code   RO         2086    i.nrf_drv_gpiote_init  nrf_drv_gpiote.o
    0x0001eef0   0x00000094   Code   RO         2459    i.nrf_drv_saadc_buffer_convert  nrf_drv_saadc.o
    0x0001ef84   0x00000048   Code   RO         2460    i.nrf_drv_saadc_channel_init  nrf_drv_saadc.o
    0x0001efcc   0x00000048   Code   RO         2461    i.nrf_drv_saadc_channel_uninit  nrf_drv_saadc.o
    0x0001f014   0x00000074   Code   RO         2462    i.nrf_drv_saadc_init  nrf_drv_saadc.o
    0x0001f088   0x00000080   Code   RO         2464    i.nrf_drv_saadc_limits_set  nrf_drv_saadc.o
    0x0001f108   0x00000020   Code   RO         2465    i.nrf_drv_saadc_sample  nrf_drv_saadc.o
    0x0001f128   0x00000074   Code   RO         2467    i.nrf_drv_saadc_uninit  nrf_drv_saadc.o
    0x0001f19c   0x00000020   Code   RO         2315    i.nrf_drv_twi_enable  nrf_drv_twi.o
    0x0001f1bc   0x00000090   Code   RO         2316    i.nrf_drv_twi_init  nrf_drv_twi.o
    0x0001f24c   0x00000024   Code   RO         2317    i.nrf_drv_twi_rx    nrf_drv_twi.o
    0x0001f270   0x00000024   Code   RO         2320    i.nrf_drv_twi_tx    nrf_drv_twi.o
    0x0001f294   0x0000002c   Code   RO         2322    i.nrf_drv_twi_xfer  nrf_drv_twi.o
    0x0001f2c0   0x00000022   Code   RO         2099    i.nrf_gpio_cfg      nrf_drv_gpiote.o
    0x0001f2e2   0x0000001c   Code   RO         2101    i.nrf_gpio_cfg_sense_set  nrf_drv_gpiote.o
    0x0001f2fe   0x00000002   PAD
    0x0001f300   0x00000010   Code   RO         2323    i.nrf_gpio_pin_set  nrf_drv_twi.o
    0x0001f310   0x00000014   Code   RO         2102    i.nrf_gpiote_event_clear  nrf_drv_gpiote.o
    0x0001f324   0x00000010   Code   RO         2103    i.nrf_gpiote_event_is_set  nrf_drv_gpiote.o
    0x0001f334   0x00000060   Code   RO         2829    i.nrf_saadc_channel_init  nrf_saadc.o
    0x0001f394   0x00000014   Code   RO         2468    i.nrf_saadc_channel_input_set  nrf_drv_saadc.o
    0x0001f3a8   0x00000010   Code   RO         2469    i.nrf_saadc_event_check  nrf_drv_saadc.o
    0x0001f3b8   0x00000010   Code   RO         2470    i.nrf_saadc_limit_int_get  nrf_drv_saadc.o
    0x0001f3c8   0x0000000a   Code   RO         2324    i.nrf_twi_event_check  nrf_drv_twi.o
    0x0001f3d2   0x0000000a   Code   RO         1856    i.nrf_uart_event_check  nrf_drv_uart.o
    0x0001f3dc   0x0000000c   Code   RO         1857    i.nrf_uart_int_enable_check  nrf_drv_uart.o
    0x0001f3e8   0x0000000a   Code   RO         1858    i.nrf_uarte_event_check  nrf_drv_uart.o
    0x0001f3f2   0x00000002   Code   RO           23    i.on_temperature_send  main.o
    0x0001f3f4   0x00000018   Code   RO         2104    i.pin_in_use_by_port  nrf_drv_gpiote.o
    0x0001f40c   0x00000018   Code   RO         2105    i.pin_in_use_by_te  nrf_drv_gpiote.o
    0x0001f424   0x00000034   Code   RO          967    i.pnp_id_encode     ble_dis.o
    0x0001f458   0x00000054   Code   RO         2875    i.pstorage_block_identifier_get  pstorage.o
    0x0001f4ac   0x0000001e   Code   RO         2877    i.pstorage_flash_page_end  pstorage.o
    0x0001f4ca   0x0000000a   Code   RO         2878    i.pstorage_flash_page_size  pstorage.o
    0x0001f4d4   0x00000060   Code   RO         2879    i.pstorage_init     pstorage.o
    0x0001f534   0x000000a8   Code   RO         2880    i.pstorage_load     pstorage.o
    0x0001f5dc   0x000000b4   Code   RO         2881    i.pstorage_register  pstorage.o
    0x0001f690   0x0000003c   Code   RO         1505    i.rtc1_stop         app_timer.o
    0x0001f6cc   0x00000030   Code   RO         1860    i.rx_byte           nrf_drv_uart.o
    0x0001f6fc   0x00000020   Code   RO         1861    i.rx_done_event     nrf_drv_uart.o
    0x0001f71c   0x0000005c   Code   RO          469    i.saadc_callback    saadc.o
    0x0001f778   0x0000000c   Code   RO          470    i.saadc_get_data_ch_0  saadc.o
    0x0001f784   0x0000000c   Code   RO          471    i.saadc_get_data_ch_1  saadc.o
    0x0001f790   0x00000090   Code   RO          472    i.saadc_init        saadc.o
    0x0001f820   0x00000010   Code   RO          473    i.saadc_reset_data  saadc.o
    0x0001f830   0x00000010   Code   RO         1660    i.sd_check_ram_start  softdevice_handler.o
    0x0001f840   0x00000088   Code   RO         1661    i.sd_nvic_EnableIRQ  softdevice_handler.o
    0x0001f8c8   0x000000e8   Code   RO           24    i.sensor_timer_handler  main.o
    0x0001f9b0   0x00000088   Code   RO          697    i.service_data_encode  ble_advdata.o
    0x0001fa38   0x0000019c   Code   RO           25    i.services_init     main.o
    0x0001fbd4   0x00000014   Code   RO         1662    i.softdevice_ble_evt_handler_set  softdevice_handler.o
    0x0001fbe8   0x00000014   Code   RO         1663    i.softdevice_enable  softdevice_handler.o
    0x0001fbfc   0x00000026   Code   RO         1664    i.softdevice_enable_get_default_config  softdevice_handler.o
    0x0001fc22   0x00000004   Code   RO         1665    i.softdevice_fault_handler  softdevice_handler.o
    0x0001fc26   0x00000002   PAD
    0x0001fc28   0x00000034   Code   RO         1666    i.softdevice_handler_init  softdevice_handler.o
    0x0001fc5c   0x00000014   Code   RO         1669    i.softdevice_sys_evt_handler_set  softdevice_handler.o
    0x0001fc70   0x00000014   Code   RO          474    i.start_sampling    saadc.o
    0x0001fc84   0x00000002   Code   RO           28    i.storage_cb_handler  main.o
    0x0001fc86   0x00000002   Code   RO           29    i.sys_evt_dispatch  main.o
    0x0001fc88   0x00000042   Code   RO          968    i.sys_id_encode     ble_dis.o
    0x0001fcca   0x00000002   PAD
    0x0001fccc   0x0000008c   Code   RO         1506    i.timer_list_handler  app_timer.o
    0x0001fd58   0x0000003c   Code   RO         1507    i.timer_list_insert  app_timer.o
    0x0001fd94   0x00000084   Code   RO         1508    i.timer_timeouts_check  app_timer.o
    0x0001fe18   0x00000030   Code   RO           30    i.timers_init       main.o
    0x0001fe48   0x00000024   Code   RO           31    i.timers_start      main.o
    0x0001fe6c   0x000000b0   Code   RO         2325    i.twi_clear_bus     nrf_drv_twi.o
    0x0001ff1c   0x0000001c   Code   RO          598    i.twi_handler       accelerometer.o
    0x0001ff38   0x00000030   Code   RO          599    i.twi_init          accelerometer.o
    0x0001ff68   0x00000014   Code   RO          600    i.twi_reset         accelerometer.o
    0x0001ff7c   0x0000007c   Code   RO         2326    i.twi_rx_start_transfer  nrf_drv_twi.o
    0x0001fff8   0x00000028   Code   RO         2327    i.twi_send_byte     nrf_drv_twi.o
    0x00020020   0x000000f2   Code   RO         2328    i.twi_transfer      nrf_drv_twi.o
    0x00020112   0x0000007c   Code   RO         2329    i.twi_tx_start_transfer  nrf_drv_twi.o
    0x0002018e   0x0000008c   Code   RO         2330    i.twi_xfer          nrf_drv_twi.o
    0x0002021a   0x00000002   PAD
    0x0002021c   0x00000024   Code   RO         1863    i.tx_byte           nrf_drv_uart.o
    0x00020240   0x00000024   Code   RO         1864    i.tx_done_event     nrf_drv_uart.o
    0x00020264   0x00000108   Code   RO         1865    i.uart_irq_handler  nrf_drv_uart.o
    0x0002036c   0x000000d8   Code   RO         1866    i.uarte_irq_handler  nrf_drv_uart.o
    0x00020444   0x0000000a   Code   RO          698    i.uint16_encode     ble_advdata.o
    0x0002044e   0x00000002   PAD
    0x00020450   0x00000120   Code   RO           32    i.update_advertising  main.o
    0x00020570   0x0000003e   Code   RO         1509    i.user_id_get       app_timer.o
    0x000205ae   0x00000028   Code   RO         1510    i.user_op_alloc     app_timer.o
    0x000205d6   0x00000030   Code   RO          699    i.uuid_list_encode  ble_advdata.o
    0x00020606   0x0000009e   Code   RO          700    i.uuid_list_sized_encode  ble_advdata.o
    0x000206a4   0x00000150   Code   RO         4243    x$fpl$dadd          fz_wm.l(daddsub_clz.o)
    0x000207f4   0x000002b0   Code   RO         4250    x$fpl$ddiv          fz_wm.l(ddiv.o)
    0x00020aa4   0x0000005a   Code   RO         4253    x$fpl$dfixu         fz_wm.l(dfixu.o)
    0x00020afe   0x00000026   Code   RO         4257    x$fpl$dfltu         fz_wm.l(dflt_clz.o)
    0x00020b24   0x00000154   Code   RO         4263    x$fpl$dmul          fz_wm.l(dmul.o)
    0x00020c78   0x0000009c   Code   RO         4266    x$fpl$dnaninf       fz_wm.l(dnaninf.o)
    0x00020d14   0x0000000c   Code   RO         4268    x$fpl$dretinf       fz_wm.l(dretinf.o)
    0x00020d20   0x000001d4   Code   RO         4245    x$fpl$dsub          fz_wm.l(daddsub_clz.o)
    0x00020ef4   0x0000000a   Code   RO         4355    x$fpl$fpinit        fz_wm.l(fpinit.o)
    0x00020efe   0x00000000   Code   RO         4270    x$fpl$usenofp       fz_wm.l(usenofp.o)
    0x00020efe   0x00000002   PAD
    0x00020f00   0x00000020   Data   RO           35    .constdata          main.o
    0x00020f20   0x00000018   Data   RO          602    .constdata          accelerometer.o
    0x00020f38   0x00000010   Data   RO         1089    .constdata          ble_ads.o
    0x00020f48   0x00000010   Data   RO         1149    .constdata          ble_ats.o
    0x00020f58   0x0000001c   Data   RO         2332    .constdata          nrf_drv_twi.o
    0x00020f74   0x00000003   Data   RO         2472    .constdata          nrf_drv_saadc.o
    0x00020f77   0x00000001   PAD
    0x00020f78   0x00000020   Data   RO         4423    Region$$Table       anon$$obj.o


    Execution Region RW_IRAM1 (Base: 0x20002080, Size: 0x000047f8, Max: 0x0000df80, ABSOLUTE, COMPRESSED[0x00000048])

    Base Addr    Size         Type   Attr      Idx    E Section Name        Object

    0x20002080   0x00000086   Data   RW           37    .data               main.o
    0x20002106   0x0000001a   Data   RW          475    .data               saadc.o
    0x20002120   0x00000002   Data   RW          603    .data               accelerometer.o
    0x20002122   0x0000004a   Data   RW          969    .data               ble_dis.o
    0x2000216c   0x00000020   Data   RW         1511    .data               app_timer.o
    0x2000218c   0x00000014   Data   RW         1671    .data               softdevice_handler.o
    0x200021a0   0x00000024   Data   RW         2899    .data               pstorage.o
    0x200021c4   0x00000008   Data   RW         3237    .data               bma2x2.o
    0x200021cc   0x00000004   Data   RW         4196    .data               system_nrf52.o
    0x200021d0   0x00000020   Zero   RW           33    .bss                main.o
    0x200021f0   0x000002a8   Zero   RW           34    .bss                main.o
    0x20002498   0x00000018   Zero   RW          601    .bss                accelerometer.o
    0x200024b0   0x0000000c   Zero   RW         1670    .bss                softdevice_handler.o
    0x200024bc   0x00000020   Zero   RW         1867    .bss                nrf_drv_uart.o
    0x200024dc   0x00000058   Zero   RW         2106    .bss                nrf_drv_gpiote.o
    0x20002534   0x00000028   Zero   RW         2331    .bss                nrf_drv_twi.o
    0x2000255c   0x0000002c   Zero   RW         2471    .bss                nrf_drv_saadc.o
    0x20002588   0x00000018   Zero   RW         2724    .bss                nrf_drv_timer.o
    0x200025a0   0x00000274   Zero   RW         2897    .bss                pstorage.o
    0x20002814   0x00000060   Zero   RW         4297    .bss                c_w.l(libspace.o)
    0x20002874   0x00000004   PAD
    0x20002878   0x00002000   Zero   RW         4185    HEAP                arm_startup_nrf52.o
    0x20004878   0x00002000   Zero   RW         4184    STACK               arm_startup_nrf52.o


==============================================================================

Image component sizes


      Code (inc. data)   RO Data    RW Data    ZI Data      Debug   Object Name

       392         62         24          2         24       6166   accelerometer.o
        22          0          0          0          0       3405   app_error.o
        36         10          0          0          0      27257   app_error_weak.o
      1766         94          0         32          0      58191   app_timer.o
        64         26       1024          0      16384        916   arm_startup_nrf52.o
      1038          6         16          0          0       7132   ble_ads.o
      1540          0          0          0          0      39728   ble_advdata.o
       872          6         16          0          0       7289   ble_ats.o
       554          0          0          0          0      12003   ble_bas.o
       578          8          0         74          0       6107   ble_dis.o
        30          0          0          0          0       1896   ble_srv_common.o
       852         62          0          8          0       6585   bma2x2.o
      2072        260         32        134        712     177505   main.o
       144          0          0          0          0       1591   nrf_delay.o
        56          0          0          0          0      27459   nrf_drv_common.o
      1022         82          0          0         88      20988   nrf_drv_gpiote.o
       924        106          3          0         44      18280   nrf_drv_saadc.o
       102         20          0          0         24       9474   nrf_drv_timer.o
      1480         42         28          0         40      26836   nrf_drv_twi.o
       684         56          0          0         32      45975   nrf_drv_uart.o
        96          6          0          0          0       6057   nrf_saadc.o
       612         42          0         36        628      12192   pstorage.o
       296         36          0         26          0      31609   saadc.o
       454         52          0         20         12      41049   softdevice_handler.o
       620         54          0          4          0       2383   system_nrf52.o

    ----------------------------------------------------------------------
     16336       1030       1176        336      17988     598073   Object Totals
         0          0         32          0          0          0   (incl. Generated)
        30          0          1          0          0          0   (incl. Padding)

    ----------------------------------------------------------------------

      Code (inc. data)   RO Data    RW Data    ZI Data      Debug   Library Member Name

        90          0          0          0          0          0   __dczerorl2.o
         8          0          0          0          0         68   __main.o
         0          0          0          0          0          0   __rtentry.o
        12          0          0          0          0          0   __rtentry2.o
         6          0          0          0          0          0   __rtentry4.o
        52          8          0          0          0          0   __scatter.o
        28          0          0          0          0          0   __scatter_zi.o
        18          0          0          0          0         80   exit.o
         6          0          0          0          0        152   heapauxi.o
         0          0          0          0          0          0   indicate_semi.o
         2          0          0          0          0          0   libinit.o
         6          0          0          0          0          0   libinit2.o
         2          0          0          0          0          0   libshutdown.o
         2          0          0          0          0          0   libshutdown2.o
         8          4          0          0         96         68   libspace.o
        78          0          0          0          0         80   rt_memclr_w.o
       138          0          0          0          0         68   rt_memcpy_v6.o
       100          0          0          0          0         80   rt_memcpy_w.o
         2          0          0          0          0          0   rtexit.o
        10          0          0          0          0          0   rtexit2.o
        62          0          0          0          0         76   strlen.o
        12          4          0          0          0         68   sys_exit.o
        74          0          0          0          0         80   sys_stackheap_outer.o
         2          0          0          0          0         68   use_no_semi.o
       804         16          0          0          0        368   daddsub_clz.o
       688        140          0          0          0        256   ddiv.o
        90          4          0          0          0        140   dfixu.o
        38          0          0          0          0        116   dflt_clz.o
       340         12          0          0          0        152   dmul.o
       156          4          0          0          0        140   dnaninf.o
        12          0          0          0          0        116   dretinf.o
        10          0          0          0          0        116   fpinit.o
         0          0          0          0          0          0   usenofp.o

    ----------------------------------------------------------------------
      2864        192          0          0        100       2292   Library Totals
         8          0          0          0          4          0   (incl. Padding)

    ----------------------------------------------------------------------

      Code (inc. data)   RO Data    RW Data    ZI Data      Debug   Library Name

       718         16          0          0         96        888   c_w.l
      2138        176          0          0          0       1404   fz_wm.l

    ----------------------------------------------------------------------
      2864        192          0          0        100       2292   Library Totals

    ----------------------------------------------------------------------

==============================================================================


      Code (inc. data)   RO Data    RW Data    ZI Data      Debug   

     19200       1222       1176        336      18088     582001   Grand Totals
     19200       1222       1176         72      18088     582001   ELF Image Totals (compressed)
     19200       1222       1176         72          0          0   ROM Totals

==============================================================================

    Total RO  Size (Code + RO Data)                20376 (  19.90kB)
    Total RW  Size (RW Data + ZI Data)             18424 (  17.99kB)
    Total ROM Size (Code + RO Data + RW Data)      20448 (  19.97kB)

==============================================================================

